Component: ARM Compiler 5.06 update 7 (build 960) Tool: armlink [4d3601]

==============================================================================

Section Cross References

    startup_stm32f103xe.o(STACK) refers (Special) to heapauxi.o(.text) for __use_two_region_memory
    startup_stm32f103xe.o(HEAP) refers (Special) to heapauxi.o(.text) for __use_two_region_memory
    startup_stm32f103xe.o(RESET) refers (Special) to heapauxi.o(.text) for __use_two_region_memory
    startup_stm32f103xe.o(RESET) refers to startup_stm32f103xe.o(STACK) for __initial_sp
    startup_stm32f103xe.o(RESET) refers to startup_stm32f103xe.o(.text) for Reset_Handler
    startup_stm32f103xe.o(RESET) refers to stm32f1xx_it.o(i.NMI_Handler) for NMI_Handler
    startup_stm32f103xe.o(RESET) refers to stm32f1xx_it.o(i.HardFault_Handler) for HardFault_Handler
    startup_stm32f103xe.o(RESET) refers to stm32f1xx_it.o(i.MemManage_Handler) for MemManage_Handler
    startup_stm32f103xe.o(RESET) refers to stm32f1xx_it.o(i.BusFault_Handler) for BusFault_Handler
    startup_stm32f103xe.o(RESET) refers to stm32f1xx_it.o(i.UsageFault_Handler) for UsageFault_Handler
    startup_stm32f103xe.o(RESET) refers to stm32f1xx_it.o(i.SVC_Handler) for SVC_Handler
    startup_stm32f103xe.o(RESET) refers to stm32f1xx_it.o(i.DebugMon_Handler) for DebugMon_Handler
    startup_stm32f103xe.o(RESET) refers to stm32f1xx_it.o(i.PendSV_Handler) for PendSV_Handler
    startup_stm32f103xe.o(RESET) refers to stm32f1xx_it.o(i.SysTick_Handler) for SysTick_Handler
    startup_stm32f103xe.o(RESET) refers to stm32f1xx_it.o(i.USB_LP_CAN1_RX0_IRQHandler) for USB_LP_CAN1_RX0_IRQHandler
    startup_stm32f103xe.o(RESET) refers to stm32f1xx_it.o(i.EXTI9_5_IRQHandler) for EXTI9_5_IRQHandler
    startup_stm32f103xe.o(RESET) refers to stm32f1xx_it.o(i.TIM6_IRQHandler) for TIM6_IRQHandler
    startup_stm32f103xe.o(.text) refers (Special) to heapauxi.o(.text) for __use_two_region_memory
    startup_stm32f103xe.o(.text) refers to system_stm32f1xx.o(i.SystemInit) for SystemInit
    startup_stm32f103xe.o(.text) refers to __main.o(!!!main) for __main
    startup_stm32f103xe.o(.text) refers to startup_stm32f103xe.o(HEAP) for Heap_Mem
    startup_stm32f103xe.o(.text) refers to startup_stm32f103xe.o(STACK) for Stack_Mem
    angle_ctrl.o(i.AngleCtrl_Init) refers to stm32f1xx_hal_tim.o(i.HAL_TIM_Encoder_Start) for HAL_TIM_Encoder_Start
    angle_ctrl.o(i.AngleCtrl_Init) refers to angle_ctrl.o(.data) for .data
    angle_ctrl.o(i.AngleCtrl_Task) refers to fflt_clz.o(x$fpl$fflt) for __aeabi_i2f
    angle_ctrl.o(i.AngleCtrl_Task) refers to fmul.o(x$fpl$fmul) for __aeabi_fmul
    angle_ctrl.o(i.AngleCtrl_Task) refers to fdiv.o(x$fpl$fdiv) for __aeabi_fdiv
    angle_ctrl.o(i.AngleCtrl_Task) refers to faddsub_clz.o(x$fpl$fadd) for __aeabi_fadd
    angle_ctrl.o(i.AngleCtrl_Task) refers to faddsub_clz.o(x$fpl$fsub) for __aeabi_fsub
    angle_ctrl.o(i.AngleCtrl_Task) refers to ffix.o(x$fpl$ffix) for __aeabi_f2iz
    angle_ctrl.o(i.AngleCtrl_Task) refers to motoron_util.o(i.motor_set_speed) for motor_set_speed
    angle_ctrl.o(i.AngleCtrl_Task) refers to angle_ctrl.o(.data) for .data
    angle_ctrl.o(i.AngleCtrl_Task) refers to angle_ctrl.o(.bss) for .bss
    angle_ctrl.o(.data) refers to tim.o(.bss) for htim2
    motoron_util.o(i.motor_set_speed) refers to motoron_util.o(i.motor_crc7) for motor_crc7
    motoron_util.o(i.motor_set_speed) refers to stm32f1xx_hal_i2c.o(i.HAL_I2C_Master_Transmit) for HAL_I2C_Master_Transmit
    motoron_util.o(i.motor_set_speed) refers to i2c.o(.bss) for hi2c2
    motoron_util.o(i.motoron_set_crc_enable) refers to motoron_util.o(i.motor_crc7) for motor_crc7
    motoron_util.o(i.motoron_set_crc_enable) refers to stm32f1xx_hal_i2c.o(i.HAL_I2C_Master_Transmit) for HAL_I2C_Master_Transmit
    motoron_util.o(i.motoron_set_crc_enable) refers to stm32f1xx_hal.o(i.HAL_Delay) for HAL_Delay
    motoron_util.o(i.motoron_set_crc_enable) refers to motoron_util.o(.constdata) for .constdata
    motoron_util.o(i.motoron_set_crc_enable) refers to i2c.o(.bss) for hi2c2
    main.o(i.SystemClock_Config) refers to rt_memclr_w.o(.text) for __aeabi_memclr4
    main.o(i.SystemClock_Config) refers to stm32f1xx_hal_rcc.o(i.HAL_RCC_OscConfig) for HAL_RCC_OscConfig
    main.o(i.SystemClock_Config) refers to stm32f1xx_hal_rcc.o(i.HAL_RCC_ClockConfig) for HAL_RCC_ClockConfig
    main.o(i.main) refers to _printf_percent.o(.ARM.Collect$$_printf_percent$$00000000) for _printf_percent
    main.o(i.main) refers to _printf_d.o(.ARM.Collect$$_printf_percent$$00000009) for _printf_d
    main.o(i.main) refers to _printf_f.o(.ARM.Collect$$_printf_percent$$00000003) for _printf_f
    main.o(i.main) refers to _printf_dec.o(.text) for _printf_int_dec
    main.o(i.main) refers to printf1.o(x$fpl$printf1) for _printf_fp_dec
    main.o(i.main) refers to stm32f1xx_hal.o(i.HAL_Init) for HAL_Init
    main.o(i.main) refers to main.o(i.SystemClock_Config) for SystemClock_Config
[...]
    i.I2C_WaitOnFlagUntilTimeout             0x08003bc4   Section        0  stm32f1xx_hal_i2c.o(i.I2C_WaitOnFlagUntilTimeout)
    I2C_WaitOnFlagUntilTimeout               0x08003bc5   Thumb Code   144  stm32f1xx_hal_i2c.o(i.I2C_WaitOnFlagUntilTimeout)
    i.I2C_WaitOnMasterAddressFlagUntilTimeout 0x08003c54   Section        0  stm32f1xx_hal_i2c.o(i.I2C_WaitOnMasterAddressFlagUntilTimeout)
    I2C_WaitOnMasterAddressFlagUntilTimeout  0x08003c55   Thumb Code   188  stm32f1xx_hal_i2c.o(i.I2C_WaitOnMasterAddressFlagUntilTimeout)
    i.I2C_WaitOnRXNEFlagUntilTimeout         0x08003d10   Section        0  stm32f1xx_hal_i2c.o(i.I2C_WaitOnRXNEFlagUntilTimeout)
    I2C_WaitOnRXNEFlagUntilTimeout           0x08003d11   Thumb Code   112  stm32f1xx_hal_i2c.o(i.I2C_WaitOnRXNEFlagUntilTimeout)
    i.I2C_WaitOnTXEFlagUntilTimeout          0x08003d80   Section        0  stm32f1xx_hal_i2c.o(i.I2C_WaitOnTXEFlagUntilTimeout)
    I2C_WaitOnTXEFlagUntilTimeout            0x08003d81   Thumb Code    86  stm32f1xx_hal_i2c.o(i.I2C_WaitOnTXEFlagUntilTimeout)
    i.IMU_Int_ISR                            0x08003dd8   Section        0  spi.o(i.IMU_Int_ISR)
    i.LinearQuantization                     0x08003de4   Section        0  fuzzypid.o(i.LinearQuantization)
    LinearQuantization                       0x08003de5   Thumb Code   116  fuzzypid.o(i.LinearQuantization)
    i.MX_CAN_Init                            0x08003e60   Section        0  can.o(i.MX_CAN_Init)
    i.MX_GPIO_Init                           0x08003ecc   Section        0  gpio.o(i.MX_GPIO_Init)
    i.MX_I2C1_Init                           0x08004004   Section        0  i2c.o(i.MX_I2C1_Init)
    i.MX_I2C2_Init                           0x08004044   Section        0  i2c.o(i.MX_I2C2_Init)
    i.MX_SPI2_Init                           0x08004084   Section        0  spi.o(i.MX_SPI2_Init)
    i.MX_TIM1_Init                           0x080040cc   Section        0  tim.o(i.MX_TIM1_Init)
    i.MX_TIM2_Init                           0x08004138   Section        0  tim.o(i.MX_TIM2_Init)
    i.MX_TIM3_Init                           0x080041a0   Section        0  tim.o(i.MX_TIM3_Init)
    i.MX_TIM4_Init                           0x08004208   Section        0  tim.o(i.MX_TIM4_Init)
    i.MX_TIM5_Init                           0x08004270   Section        0  tim.o(i.MX_TIM5_Init)
    i.MX_TIM6_Init                           0x080042d8   Section        0  tim.o(i.MX_TIM6_Init)
    i.MX_TIM8_Init                           0x0800431c   Section        0  tim.o(i.MX_TIM8_Init)
    i.MX_USART2_UART_Init                    0x08004388   Section        0  usart.o(i.MX_USART2_UART_Init)
    i.MemManage_Handler                      0x080043c0   Section        0  stm32f1xx_it.o(i.MemManage_Handler)
    i.NMI_Handler                            0x080043c2   Section        0  stm32f1xx_it.o(i.NMI_Handler)
    i.PendSV_Handler                         0x080043c4   Section        0  stm32f1xx_it.o(i.PendSV_Handler)
    i.SPI_EndRxTxTransaction                 0x080043c6   Section        0  stm32f1xx_hal_spi.o(i.SPI_EndRxTxTransaction)
    SPI_EndRxTxTransaction                   0x080043c7   Thumb Code    52  stm32f1xx_hal_spi.o(i.SPI_EndRxTxTransaction)
    i.SPI_WaitFlagStateUntilTimeout          0x080043fc   Section        0  stm32f1xx_hal_spi.o(i.SPI_WaitFlagStateUntilTimeout)
    SPI_WaitFlagStateUntilTimeout            0x080043fd   Thumb Code   180  stm32f1xx_hal_spi.o(i.SPI_WaitFlagStateUntilTimeout)
    i.SVC_Handler                            0x080044b4   Section        0  stm32f1xx_it.o(i.SVC_Handler)
    i.Sensors_100ms_Task                     0x080044b8   Section        0  spi.o(i.Sensors_100ms_Task)
    i.Sensors_10ms_Task                      0x080045c0   Section        0  spi.o(i.Sensors_10ms_Task)
    i.Sensors_Init                           0x08004668   Section        0  spi.o(i.Sensors_Init)
    i.SysTick_Handler                        0x08004688   Section        0  stm32f1xx_it.o(i.SysTick_Handler)
    i.SystemClock_Config                     0x0800468c   Section        0  main.o(i.SystemClock_Config)
    i.SystemInit                             0x080046ea   Section        0  system_stm32f1xx.o(i.SystemInit)
    i.TIM6_IRQHandler                        0x080046ec   Section        0  stm32f1xx_it.o(i.TIM6_IRQHandler)
    i.TIM_Base_SetConfig                     0x080046f8   Section        0  stm32f1xx_hal_tim.o(i.TIM_Base_SetConfig)
    i.TIM_CCxChannelCmd                      0x08004794   Section        0  stm32f1xx_hal_tim.o(i.TIM_CCxChannelCmd)
    i.UART_EndRxTransfer                     0x080047ae   Section        0  stm32f1xx_hal_uart.o(i.UART_EndRxTransfer)
    UART_EndRxTransfer                       0x080047af   Thumb Code    78  stm32f1xx_hal_uart.o(i.UART_EndRxTransfer)
    i.UART_SetConfig                         0x080047fc   Section        0  stm32f1xx_hal_uart.o(i.UART_SetConfig)
    UART_SetConfig                           0x080047fd   Thumb Code   178  stm32f1xx_hal_uart.o(i.UART_SetConfig)
    i.UART_WaitOnFlagUntilTimeout            0x080048b4   Section        0  stm32f1xx_hal_uart.o(i.UART_WaitOnFlagUntilTimeout)
    UART_WaitOnFlagUntilTimeout              0x080048b5   Thumb Code   114  stm32f1xx_hal_uart.o(i.UART_WaitOnFlagUntilTimeout)
    i.USB_LP_CAN1_RX0_IRQHandler             0x08004928   Section        0  stm32f1xx_it.o(i.USB_LP_CAN1_RX0_IRQHandler)
    i.UsageFault_Handler                     0x08004934   Section        0  stm32f1xx_it.o(i.UsageFault_Handler)
    i.__ARM_fpclassify                       0x08004936   Section        0  fpclassify.o(i.__ARM_fpclassify)
    i.__NVIC_SetPriority                     0x0800495e   Section        0  stm32f1xx_hal_cortex.o(i.__NVIC_SetPriority)
    __NVIC_SetPriority                       0x0800495f   Thumb Code    32  stm32f1xx_hal_cortex.o(i.__NVIC_SetPriority)
    i._is_digit                              0x0800497e   Section        0  __printf_wp.o(i._is_digit)
    i.main                                   0x0800498c   Section        0  main.o(i.main)
    i.motor_crc7                             0x08004b18   Section        0  motoron_util.o(i.motor_crc7)
    i.motor_set_speed                        0x08004b48   Section        0  motoron_util.o(i.motor_set_speed)
    i.spi_rw                                 0x08004b8c   Section        0  spi.o(i.spi_rw)
    spi_rw                                   0x08004b8d   Thumb Code    26  spi.o(i.spi_rw)
    locale$$code                             0x08004bac   Section       44  lc_numeric_c.o(locale$$code)
    x$fpl$d2f                                0x08004bd8   Section       98  d2f.o(x$fpl$d2f)
    x$fpl$dadd                               0x08004c3c   Section      336  daddsub_clz.o(x$fpl$dadd)
    _dadd1                                   0x08004c4d   Thumb Code     0  daddsub_clz.o(x$fpl$dadd)
    x$fpl$dcheck1                            0x08004d8c   Section       16  dcheck1.o(x$fpl$dcheck1)
    x$fpl$ddiv                               0x08004d9c   Section      688  ddiv.o(x$fpl$ddiv)
    ddiv_entry                               0x08004da3   Thumb Code     0  ddiv.o(x$fpl$ddiv)
    x$fpl$dmul                               0x0800504c   Section      340  dmul.o(x$fpl$dmul)
    x$fpl$dnaninf                            0x080051a0   Section      156  dnaninf.o(x$fpl$dnaninf)
    x$fpl$dretinf                            0x0800523c   Section       12  dretinf.o(x$fpl$dretinf)
    x$fpl$dsub                               0x08005248   Section      468  daddsub_clz.o(x$fpl$dsub)
    _dsub1                                   0x08005259   Thumb Code     0  daddsub_clz.o(x$fpl$dsub)
    x$fpl$f2d                                0x0800541c   Section       86  f2d.o(x$fpl$f2d)
    x$fpl$fadd                               0x08005474   Section      196  faddsub_clz.o(x$fpl$fadd)
    _fadd1                                   0x08005483   Thumb Code     0  faddsub_clz.o(x$fpl$fadd)
    x$fpl$fcheck1                            0x08005538   Section       12  fcheck1.o(x$fpl$fcheck1)
    x$fpl$fdiv                               0x08005544   Section      388  fdiv.o(x$fpl$fdiv)
    _fdiv1                                   0x08005545   Thumb Code     0  fdiv.o(x$fpl$fdiv)
    x$fpl$ffix                               0x080056c8   Section       54  ffix.o(x$fpl$ffix)
    x$fpl$fflt                               0x08005700   Section       48  fflt_clz.o(x$fpl$fflt)
    x$fpl$ffltu                              0x08005730   Section       38  fflt_clz.o(x$fpl$ffltu)
    x$fpl$fmul                               0x08005758   Section      258  fmul.o(x$fpl$fmul)
    x$fpl$fnaninf                            0x0800585a   Section      140  fnaninf.o(x$fpl$fnaninf)
    x$fpl$fretinf                            0x080058e6   Section       10  fretinf.o(x$fpl$fretinf)
    x$fpl$fsub                               0x080058f0   Section      234  faddsub_clz.o(x$fpl$fsub)
    _fsub1                                   0x080058ff   Thumb Code     0  faddsub_clz.o(x$fpl$fsub)
    x$fpl$printf1                            0x080059da   Section        4  printf1.o(x$fpl$printf1)
    x$fpl$retnan                             0x080059de   Section      100  retnan.o(x$fpl$retnan)
    x$fpl$scalbn                             0x08005a42   Section       92  scalbn.o(x$fpl$scalbn)
    x$fpl$scalbnf                            0x08005a9e   Section       76  scalbnf.o(x$fpl$scalbnf)
    x$fpl$trapveneer                         0x08005aea   Section       48  trapv.o(x$fpl$trapveneer)
    x$fpl$usenofp                            0x08005b1a   Section        0  usenofp.o(x$fpl$usenofp)
    .constdata                               0x08005b1c   Section       40  can.o(.constdata)
    .constdata                               0x08005b44   Section      588  fuzzypid.o(.constdata)
    ruleKp                                   0x08005b44   Data         196  fuzzypid.o(.constdata)
    ruleKi                                   0x08005c08   Data         196  fuzzypid.o(.constdata)
    ruleKd                                   0x08005ccc   Data         196  fuzzypid.o(.constdata)
    .constdata                               0x08005d90   Section       18  stm32f1xx_hal_rcc.o(.constdata)
    aPredivFactorTable                       0x08005d90   Data           2  stm32f1xx_hal_rcc.o(.constdata)
    aPLLMULFactorTable                       0x08005d92   Data          16  stm32f1xx_hal_rcc.o(.constdata)
    .constdata                               0x08005da2   Section       16  system_stm32f1xx.o(.constdata)
    .constdata                               0x08005db2   Section        8  system_stm32f1xx.o(.constdata)
    .constdata                               0x08005dbc   Section      148  bigflt0.o(.constdata)
    tenpwrs_x                                0x08005dbc   Data          60  bigflt0.o(.constdata)
    tenpwrs_i                                0x08005df8   Data          64  bigflt0.o(.constdata)
    locale$$data                             0x08005e70   Section       28  lc_numeric_c.o(locale$$data)
    __lcnum_c_name                           0x08005e74   Data           2  lc_numeric_c.o(locale$$data)
    __lcnum_c_start                          0x08005e7c   Data           0  lc_numeric_c.o(locale$$data)
    __lcnum_c_point                          0x08005e88   Data           0  lc_numeric_c.o(locale$$data)
    __lcnum_c_thousands                      0x08005e8a   Data           0  lc_numeric_c.o(locale$$data)
    __lcnum_c_grouping                       0x08005e8b   Data           0  lc_numeric_c.o(locale$$data)
    __lcnum_c_end                            0x08005e8c   Data           0  lc_numeric_c.o(locale$$data)
    .data                                    0x20000000   Section      156  angle_ctrl.o(.data)
    .data                                    0x2000009c   Section       16  can.o(.data)
    txMailbox                                0x200000a0   Data           4  can.o(.data)
    appRxBuf                                 0x200000a4   Data           8  can.o(.data)
    .data                                    0x200000ac   Section        1  spi.o(.data)
    imuPending                               0x200000ac   Data           1  spi.o(.data)
    .data                                    0x200000ae   Section        4  stm32f1xx_it.o(.data)
    imuCnt                                   0x200000ae   Data           2  stm32f1xx_it.o(.data)
    gpsCnt                                   0x200000b0   Data           2  stm32f1xx_it.o(.data)
    .data                                    0x200000b4   Section       44  fuzzypid.o(.data)
    .data                                    0x200000e0   Section       12  stm32f1xx_hal.o(.data)
    .data                                    0x200000ec   Section        4  system_stm32f1xx.o(.data)
    .bss                                     0x200000f0   Section       48  angle_ctrl.o(.bss)
    .bss                                     0x20000120   Section       92  can.o(.bss)
    txHeader                                 0x20000120   Data          24  can.o(.bss)
    rxHeader                                 0x20000138   Data          28  can.o(.bss)
    .bss                                     0x2000017c   Section      168  i2c.o(.bss)
    .bss                                     0x20000224   Section       88  spi.o(.bss)
    .bss                                     0x2000027c   Section      504  tim.o(.bss)
    .bss                                     0x20000474   Section       72  usart.o(.bss)
    .bss                                     0x200004bc   Section       96  libspace.o(.bss)
    HEAP                                     0x20000520   Section      512  startup_stm32f103xe.o(HEAP)
    Heap_Mem                                 0x20000520   Data         512  startup_stm32f103xe.o(HEAP)
    STACK                                    0x20000720   Section     1024  startup_stm32f103xe.o(STACK)
    Stack_Mem                                0x20000720   Data        1024  startup_stm32f103xe.o(STACK)
    __initial_sp                             0x20000b20   Data           0  startup_stm32f103xe.o(STACK)

    Global Symbols

    Symbol Name                              Value     Ov Type        Size  Object(Section)

    BuildAttributes$$THM_ISAv4$P$D$K$B$S$PE$A:L22UL41UL21$X:L11$S22US41US21$IEEE1$IW$USESV6$~STKCKD$USESV7$~SHL$OTIME$ROPI$IEEEJ$EBA8$UX$STANDARDLIB$REQ8$PRES8$EABIv2 0x00000000   Number         0  anon$$obj.o ABSOLUTE
    __ARM_use_no_argv                        0x00000000   Number         0  main.o ABSOLUTE
    _printf_flags                            0x00000000   Number         0  printf_stubs.o ABSOLUTE
    _printf_return_value                     0x00000000   Number         0  printf_stubs.o ABSOLUTE
    _printf_sizespec                         0x00000000   Number         0  printf_stubs.o ABSOLUTE
    _printf_widthprec                        0x00000000   Number         0  printf_stubs.o ABSOLUTE
    __ARM_exceptions_init                     - Undefined Weak Reference
    __alloca_initialize                       - Undefined Weak Reference
    __arm_fini_                               - Undefined Weak Reference
    __arm_preinit_                            - Undefined Weak Reference
    __cpp_initialize__aeabi_                  - Undefined Weak Reference
    __cxa_finalize                            - Undefined Weak Reference
    __sigvec_lookup                           - Undefined Weak Reference
    _atexit_init                              - Undefined Weak Reference
    _call_atexit_fns                          - Undefined Weak Reference
    _clock_init                               - Undefined Weak Reference
    _fp_trap_init                             - Undefined Weak Reference
    _fp_trap_shutdown                         - Undefined Weak Reference
    _get_lc_collate                           - Undefined Weak Reference
    _get_lc_ctype                             - Undefined Weak Reference
    _get_lc_monetary                          - Undefined Weak Reference
    _get_lc_time                              - Undefined Weak Reference
    _getenv_init                              - Undefined Weak Reference
    _handle_redirection                       - Undefined Weak Reference
    _init_alloc                               - Undefined Weak Reference
    _init_user_alloc                          - Undefined Weak Reference
    _initio                                   - Undefined Weak Reference
    _printf_post_padding                      - Undefined Weak Reference
    _printf_pre_padding                       - Undefined Weak Reference
    _printf_truncate_signed                   - Undefined Weak Reference
    _printf_truncate_unsigned                 - Undefined Weak Reference
    _rand_init                                - Undefined Weak Reference
    _signal_finish                            - Undefined Weak Reference
    _signal_init                              - Undefined Weak Reference
    _terminate_alloc                          - Undefined Weak Reference
    _terminate_user_alloc                     - Undefined Weak Reference
    _terminateio                              - Undefined Weak Reference
    __Vectors_Size                           0x00000130   Number         0  startup_stm32f103xe.o ABSOLUTE
    __Vectors                                0x08000000   Data           4  startup_stm32f103xe.o(RESET)
    __Vectors_End                            0x08000130   Data           0  startup_stm32f103xe.o(RESET)
    __main                                   0x08000131   Thumb Code     8  __main.o(!!!main)
    __scatterload                            0x08000139   Thumb Code     0  __scatter.o(!!!scatter)
    __scatterload_rt2                        0x08000139   Thumb Code    44  __scatter.o(!!!scatter)
    __scatterload_rt2_thumb_only             0x08000139   Thumb Code     0  __scatter.o(!!!scatter)
    __scatterload_null                       0x08000147   Thumb Code     0  __scatter.o(!!!scatter)
    __scatterload_copy                       0x0800016d   Thumb Code    26  __scatter_copy.o(!!handler_copy)
    __scatterload_zeroinit                   0x08000189   Thumb Code    28  __scatter_zi.o(!!handler_zi)
    _printf_f                                0x080001a5   Thumb Code     0  _printf_f.o(.ARM.Collect$$_printf_percent$$00000003)
    _printf_percent                          0x080001a5   Thumb Code     0  _printf_percent.o(.ARM.Collect$$_printf_percent$$00000000)
    _printf_d                                0x080001ab   Thumb Code     0  _printf_d.o(.ARM.Collect$$_printf_percent$$00000009)
    _printf_percent_end                      0x080001b1   Thumb Code     0  _printf_percent_end.o(.ARM.Collect$$_printf_percent$$00000017)
    __rt_lib_init                            0x080001b5   Thumb Code     0  libinit.o(.ARM.Collect$$libinit$$00000000)
    __rt_lib_init_fp_1                       0x080001b7   Thumb Code     0  libinit2.o(.ARM.Collect$$libinit$$00000002)
    __rt_lib_init_heap_1                     0x080001b7   Thumb Code     0  libinit2.o(.ARM.Collect$$libinit$$0000000A)
    __rt_lib_init_lc_common                  0x080001b7   Thumb Code     0  libinit2.o(.ARM.Collect$$libinit$$0000000F)
    __rt_lib_init_preinit_1                  0x080001b7   Thumb Code     0  libinit2.o(.ARM.Collect$$libinit$$00000004)
    __rt_lib_init_rand_1                     0x080001b7   Thumb Code     0  libinit2.o(.ARM.Collect$$libinit$$0000000E)
    __rt_lib_init_user_alloc_1               0x080001b7   Thumb Code     0  libinit2.o(.ARM.Collect$$libinit$$0000000C)
    __rt_lib_init_lc_collate_1               0x080001bd   Thumb Code     0  libinit2.o(.ARM.Collect$$libinit$$00000011)
    __rt_lib_init_lc_ctype_1                 0x080001bd   Thumb Code     0  libinit2.o(.ARM.Collect$$libinit$$00000013)
    __rt_lib_init_lc_monetary_1              0x080001bd   Thumb Code     0  libinit2.o(.ARM.Collect$$libinit$$00000015)
    __rt_lib_init_lc_numeric_2               0x080001bd   Thumb Code     0  libinit2.o(.ARM.Collect$$libinit$$00000016)
    __rt_lib_init_alloca_1                   0x080001c7   Thumb Code     0  libinit2.o(.ARM.Collect$$libinit$$0000002E)
    __rt_lib_init_argv_1                     0x080001c7   Thumb Code     0  libinit2.o(.ARM.Collect$$libinit$$0000002C)
    __rt_lib_init_atexit_1                   0x080001c7   Thumb Code     0  libinit2.o(.ARM.Collect$$libinit$$0000001B)
    __rt_lib_init_clock_1                    0x080001c7   Thumb Code     0  libinit2.o(.ARM.Collect$$libinit$$00000021)
    __rt_lib_init_cpp_1                      0x080001c7   Thumb Code     0  libinit2.o(.ARM.Collect$$libinit$$00000032)
    __rt_lib_init_exceptions_1               0x080001c7   Thumb Code     0  libinit2.o(.ARM.Collect$$libinit$$00000030)
    __rt_lib_init_fp_trap_1                  0x080001c7   Thumb Code     0  libinit2.o(.ARM.Collect$$libinit$$0000001F)
    __rt_lib_init_getenv_1                   0x080001c7   Thumb Code     0  libinit2.o(.ARM.Collect$$libinit$$00000023)
    __rt_lib_init_lc_numeric_1               0x080001c7   Thumb Code     0  libinit2.o(.ARM.Collect$$libinit$$00000017)
    __rt_lib_init_lc_time_1                  0x080001c7   Thumb Code     0  libinit2.o(.ARM.Collect$$libinit$$00000019)
    __rt_lib_init_return                     0x080001c7   Thumb Code     0  libinit2.o(.ARM.Collect$$libinit$$00000033)
    __rt_lib_init_signal_1                   0x080001c7   Thumb Code     0  libinit2.o(.ARM.Collect$$libinit$$0000001D)
    __rt_lib_init_stdio_1                    0x080001c7   Thumb Code     0  libinit2.o(.ARM.Collect$$libinit$$00000025)
    __rt_lib_shutdown                        0x080001c9   Thumb Code     0  libshutdown.o(.ARM.Collect$$libshutdown$$00000000)
    __rt_lib_shutdown_cpp_1                  0x080001cb   Thumb Code     0  libshutdown2.o(.ARM.Collect$$libshutdown$$00000004)
    __rt_lib_shutdown_fini_1                 0x080001cb   Thumb Code     0  libshutdown2.o(.ARM.Collect$$libshutdown$$00000002)
    __rt_lib_shutdown_fp_trap_1              0x080001cb   Thumb Code     0  libshutdown2.o(.ARM.Collect$$libshutdown$$00000009)
    __rt_lib_shutdown_heap_1                 0x080001cb   Thumb Code     0  libshutdown2.o(.ARM.Collect$$libshutdown$$00000011)
    __rt_lib_shutdown_return                 0x080001cb   Thumb Code     0  libshutdown2.o(.ARM.Collect$$libshutdown$$00000012)
    __rt_lib_shutdown_signal_1               0x080001cb   Thumb Code     0  libshutdown2.o(.ARM.Collect$$libshutdown$$0000000C)
    __rt_lib_shutdown_stdio_1                0x080001cb   Thumb Code     0  libshutdown2.o(.ARM.Collect$$libshutdown$$00000006)
    __rt_lib_shutdown_user_alloc_1           0x080001cb   Thumb Code     0  libshutdown2.o(.ARM.Collect$$libshutdown$$0000000E)
    __rt_entry                               0x080001cd   Thumb Code     0  __rtentry.o(.ARM.Collect$$rtentry$$00000000)
    __rt_entry_presh_1                       0x080001cd   Thumb Code     0  __rtentry2.o(.ARM.Collect$$rtentry$$00000002)
    __rt_entry_sh                            0x080001cd   Thumb Code     0  __rtentry4.o(.ARM.Collect$$rtentry$$00000004)
    __rt_entry_li                            0x080001d3   Thumb Code     0  __rtentry2.o(.ARM.Collect$$rtentry$$0000000A)
    __rt_entry_postsh_1                      0x080001d3   Thumb Code     0  __rtentry2.o(.ARM.Collect$$rtentry$$00000009)
    __rt_entry_main                          0x080001d7   Thumb Code     0  __rtentry2.o(.ARM.Collect$$rtentry$$0000000D)
    __rt_entry_postli_1                      0x080001d7   Thumb Code     0  __rtentry2.o(.ARM.Collect$$rtentry$$0000000C)
    __rt_exit                                0x080001df   Thumb Code     0  rtexit.o(.ARM.Collect$$rtexit$$00000000)
    __rt_exit_ls                             0x080001e1   Thumb Code     0  rtexit2.o(.ARM.Collect$$rtexit$$00000003)
    __rt_exit_prels_1                        0x080001e1   Thumb Code     0  rtexit2.o(.ARM.Collect$$rtexit$$00000002)
    __rt_exit_exit                           0x080001e5   Thumb Code     0  rtexit2.o(.ARM.Collect$$rtexit$$00000004)
    Reset_Handler                            0x080001ed   Thumb Code     8  startup_stm32f103xe.o(.text)
    ADC1_2_IRQHandler                        0x08000207   Thumb Code     0  startup_stm32f103xe.o(.text)
    ADC3_IRQHandler                          0x08000207   Thumb Code     0  startup_stm32f103xe.o(.text)
    CAN1_RX1_IRQHandler                      0x08000207   Thumb Code     0  startup_stm32f103xe.o(.text)
    CAN1_SCE_IRQHandler                      0x08000207   Thumb Code     0  startup_stm32f103xe.o(.text)
    DMA1_Channel1_IRQHandler                 0x08000207   Thumb Code     0  startup_stm32f103xe.o(.text)
    DMA1_Channel2_IRQHandler                 0x08000207   Thumb Code     0  startup_stm32f103xe.o(.text)
    DMA1_Channel3_IRQHandler                 0x08000207   Thumb Code     0  startup_stm32f103xe.o(.text)
    DMA1_Channel4_IRQHandler                 0x08000207   Thumb Code     0  startup_stm32f103xe.o(.text)
    DMA1_Channel5_IRQHandler                 0x08000207   Thumb Code     0  startup_stm32f103xe.o(.text)
    DMA1_Channel6_IRQHandler                 0x08000207   Thumb Code     0  startup_stm32f103xe.o(.text)
    DMA1_Channel7_IRQHandler                 0x08000207   Thumb Code     0  startup_stm32f103xe.o(.text)
    DMA2_Channel1_IRQHandler                 0x08000207   Thumb Code     0  startup_stm32f103xe.o(.text)
    DMA2_Channel2_IRQHandler                 0x08000207   Thumb Code     0  startup_stm32f103xe.o(.text)
    DMA2_Channel3_IRQHandler                 0x08000207   Thumb Code     0  startup_stm32f103xe.o(.text)
    DMA2_Channel4_5_IRQHandler               0x08000207   Thumb Code     0  startup_stm32f103xe.o(.text)
    EXTI0_IRQHandler                         0x08000207   Thumb Code     0  startup_stm32f103xe.o(.text)
    EXTI15_10_IRQHandler                     0x08000207   Thumb Code     0  startup_stm32f103xe.o(.text)
    EXTI1_IRQHandler                         0x08000207   Thumb Code     0  startup_stm32f103xe.o(.text)
    EXTI2_IRQHandler                         0x08000207   Thumb Code     0  startup_stm32f103xe.o(.text)
    EXTI3_IRQHandler                         0x08000207   Thumb Code     0  startup_stm32f103xe.o(.text)
    EXTI4_IRQHandler                         0x08000207   Thumb Code     0  startup_stm32f103xe.o(.text)
    FLASH_IRQHandler                         0x08000207   Thumb Code     0  startup_stm32f103xe.o(.text)
    FSMC_IRQHandler                          0x08000207   Thumb Code     0  startup_stm32f103xe.o(.text)
    I2C1_ER_IRQHandler                       0x08000207   Thumb Code     0  startup_stm32f103xe.o(.text)
    I2C1_EV_IRQHandler                       0x08000207   Thumb Code     0  startup_stm32f103xe.o(.text)
    I2C2_ER_IRQHandler                       0x08000207   Thumb Code     0  startup_stm32f103xe.o(.text)
    I2C2_EV_IRQHandler                       0x08000207   Thumb Code     0  startup_stm32f103xe.o(.text)
    PVD_IRQHandler                           0x08000207   Thumb Code     0  startup_stm32f103xe.o(.text)
    RCC_IRQHandler                           0x08000207   Thumb Code     0  startup_stm32f103xe.o(.text)
    RTC_Alarm_IRQHandler                     0x08000207   Thumb Code     0  startup_stm32f103xe.o(.text)
    RTC_IRQHandler                           0x08000207   Thumb Code     0  startup_stm32f103xe.o(.text)
    SDIO_IRQHandler                          0x08000207   Thumb Code     0  startup_stm32f103xe.o(.text)
    SPI1_IRQHandler                          0x08000207   Thumb Code     0  startup_stm32f103xe.o(.text)
    SPI2_IRQHandler                          0x08000207   Thumb Code     0  startup_stm32f103xe.o(.text)
    SPI3_IRQHandler                          0x08000207   Thumb Code     0  startup_stm32f103xe.o(.text)
    TAMPER_IRQHandler                        0x08000207   Thumb Code     0  startup_stm32f103xe.o(.text)
    TIM1_BRK_IRQHandler                      0x08000207   Thumb Code     0  startup_stm32f103xe.o(.text)
    TIM1_CC_IRQHandler                       0x08000207   Thumb Code     0  startup_stm32f103xe.o(.text)
    TIM1_TRG_COM_IRQHandler                  0x08000207   Thumb Code     0  startup_stm32f103xe.o(.text)
    TIM1_UP_IRQHandler                       0x08000207   Thumb Code     0  startup_stm32f103xe.o(.text)
    TIM2_IRQHandler                          0x08000207   Thumb Code     0  startup_stm32f103xe.o(.text)
    TIM3_IRQHandler                          0x08000207   Thumb Code     0  startup_stm32f103xe.o(.text)
    TIM4_IRQHandler                          0x08000207   Thumb Code     0  startup_stm32f103xe.o(.text)
    TIM5_IRQHandler                          0x08000207   Thumb Code     0  startup_stm32f103xe.o(.text)
    TIM7_IRQHandler                          0x08000207   Thumb Code     0  startup_stm32f103xe.o(.text)
    TIM8_BRK_IRQHandler                      0x08000207   Thumb Code     0  startup_stm32f103xe.o(.text)
    TIM8_CC_IRQHandler                       0x08000207   Thumb Code     0  startup_stm32f103xe.o(.text)
    TIM8_TRG_COM_IRQHandler                  0x08000207   Thumb Code     0  startup_stm32f103xe.o(.text)
    TIM8_UP_IRQHandler                       0x08000207   Thumb Code     0  startup_stm32f103xe.o(.text)
    UART4_IRQHandler                         0x08000207   Thumb Code     0  startup_stm32f103xe.o(.text)
    UART5_IRQHandler                         0x08000207   Thumb Code     0  startup_stm32f103xe.o(.text)
    USART1_IRQHandler                        0x08000207   Thumb Code     0  startup_stm32f103xe.o(.text)
    USART2_IRQHandler                        0x08000207   Thumb Code     0  startup_stm32f103xe.o(.text)
    USART3_IRQHandler                        0x08000207   Thumb Code     0  startup_stm32f103xe.o(.text)
    USBWakeUp_IRQHandler                     0x08000207   Thumb Code     0  startup_stm32f103xe.o(.text)
    USB_HP_CAN1_TX_IRQHandler                0x08000207   Thumb Code     0  startup_stm32f103xe.o(.text)
    WWDG_IRQHandler                          0x08000207   Thumb Code     0  startup_stm32f103xe.o(.text)
    __user_initial_stackheap                 0x08000209   Thumb Code     0  startup_stm32f103xe.o(.text)
    __2snprintf                              0x0800022d   Thumb Code    48  noretval__2snprintf.o(.text)
    _printf_int_dec                          0x08000261   Thumb Code   104  _printf_dec.o(.text)
    __printf                                 0x080002d9   Thumb Code   270  __printf_wp.o(.text)
    strlen                                   0x080003e7   Thumb Code    62  strlen.o(.text)
    __aeabi_memcpy4                          0x08000425   Thumb Code     0  rt_memcpy_w.o(.text)
    __aeabi_memcpy8                          0x08000425   Thumb Code     0  rt_memcpy_w.o(.text)
    __rt_memcpy_w                            0x08000425   Thumb Code   100  rt_memcpy_w.o(.text)
    _memcpy_lastbytes_aligned                0x0800046d   Thumb Code     0  rt_memcpy_w.o(.text)
    __aeabi_memclr4                          0x08000489   Thumb Code     0  rt_memclr_w.o(.text)
    __aeabi_memclr8                          0x08000489   Thumb Code     0  rt_memclr_w.o(.text)
    __rt_memclr_w                            0x08000489   Thumb Code    78  rt_memclr_w.o(.text)
    _memset_w                                0x0800048d   Thumb Code     0  rt_memclr_w.o(.text)
    __use_two_region_memory                  0x080004d7   Thumb Code     2  heapauxi.o(.text)
    __rt_heap_escrow$2region                 0x080004d9   Thumb Code     2  heapauxi.o(.text)
    __rt_heap_expand$2region                 0x080004db   Thumb Code     2  heapauxi.o(.text)
    _printf_int_common                       0x080004dd   Thumb Code   178  _printf_intcommon.o(.text)
    __lib_sel_fp_printf                      0x0800058f   Thumb Code     2  _printf_fp_dec.o(.text)
    _printf_fp_dec_real                      0x08000741   Thumb Code   620  _printf_fp_dec.o(.text)
    _printf_char_common                      0x080009b7   Thumb Code    32  _printf_char_common.o(.text)
    _sputc                                   0x080009dd   Thumb Code    10  _sputc.o(.text)
    _snputc                                  0x080009e7   Thumb Code    16  _snputc.o(.text)
    __rt_locale                              0x080009f9   Thumb Code     8  rt_locale_intlibspace.o(.text)
    _ll_udiv10                               0x08000a01   Thumb Code   138  lludiv10.o(.text)
    _printf_fp_infnan                        0x08000a8d   Thumb Code   112  _printf_fp_infnan.o(.text)
    _btod_etento                             0x08000b0d   Thumb Code   224  bigflt0.o(.text)
    __user_libspace                          0x08000bf1   Thumb Code     8  libspace.o(.text)
    __user_perproc_libspace                  0x08000bf1   Thumb Code     0  libspace.o(.text)
    __user_perthread_libspace                0x08000bf1   Thumb Code     0  libspace.o(.text)
    __user_setup_stackheap                   0x08000bf9   Thumb Code    74  sys_stackheap_outer.o(.text)
    exit                                     0x08000c43   Thumb Code    18  exit.o(.text)
    strcmp                                   0x08000c55   Thumb Code   128  strcmpv7m.o(.text)
    _sys_exit                                0x08000cd5   Thumb Code     8  sys_exit.o(.text)
    __I$use$semihosting                      0x08000ce1   Thumb Code     0  use_no_semi.o(.text)
    __use_no_semihosting_swi                 0x08000ce1   Thumb Code     2  use_no_semi.o(.text)
    __semihosting_library_function           0x08000ce3   Thumb Code     0  indicate_semi.o(.text)
    _btod_d2e                                0x08000ce3   Thumb Code    62  btod.o(CL$$btod_d2e)
    _d2e_denorm_low                          0x08000d21   Thumb Code    70  btod.o(CL$$btod_d2e_denorm_low)
    _d2e_norm_op1                            0x08000d67   Thumb Code    96  btod.o(CL$$btod_d2e_norm_op1)
    __btod_div_common                        0x08000dc7   Thumb Code   696  btod.o(CL$$btod_div_common)
    _e2e                                     0x080010ff   Thumb Code   220  btod.o(CL$$btod_e2e)
    _btod_ediv                               0x080011db   Thumb Code    42  btod.o(CL$$btod_ediv)
    _btod_emul                               0x08001205   Thumb Code    42  btod.o(CL$$btod_emul)
    __btod_mult_common                       0x0800122f   Thumb Code   580  btod.o(CL$$btod_mult_common)
    AngleCtrl_Init                           0x08001475   Thumb Code    36  angle_ctrl.o(i.AngleCtrl_Init)
    AngleCtrl_Task                           0x0800149d   Thumb Code   214  angle_ctrl.o(i.AngleCtrl_Task)
    BusFault_Handler                         0x0800158d   Thumb Code     2  stm32f1xx_it.o(i.BusFault_Handler)
    DWT_GetUs                                0x08001739   Thumb Code    20  fuzzypid.o(i.DWT_GetUs)
    DWT_Init                                 0x08001759   Thumb Code    26  fuzzypid.o(i.DWT_Init)
    DebugMon_Handler                         0x0800177d   Thumb Code     2  stm32f1xx_it.o(i.DebugMon_Handler)
    EXTI9_5_IRQHandler                       0x08001781   Thumb Code    30  stm32f1xx_it.o(i.EXTI9_5_IRQHandler)
    Error_Handler                            0x080017a5   Thumb Code     4  main.o(i.Error_Handler)
    Fuzzytrans                               0x08001941   Thumb Code    44  fuzzypid.o(i.Fuzzytrans)
    HAL_CAN_ActivateNotification             0x08001975   Thumb Code    36  stm32f1xx_hal_can.o(i.HAL_CAN_ActivateNotification)
    HAL_CAN_AddTxMessage                     0x08001999   Thumb Code   208  stm32f1xx_hal_can.o(i.HAL_CAN_AddTxMessage)
    HAL_CAN_ConfigFilter                     0x08001a69   Thumb Code   238  stm32f1xx_hal_can.o(i.HAL_CAN_ConfigFilter)
    HAL_CAN_ErrorCallback                    0x08001b57   Thumb Code    30  can.o(i.HAL_CAN_ErrorCallback)
    HAL_CAN_GetError                         0x08001b75   Thumb Code     4  stm32f1xx_hal_can.o(i.HAL_CAN_GetError)
    HAL_CAN_GetRxMessage                     0x08001b79   Thumb Code   244  stm32f1xx_hal_can.o(i.HAL_CAN_GetRxMessage)
    HAL_CAN_IRQHandler                       0x08001c6d   Thumb Code   508  stm32f1xx_hal_can.o(i.HAL_CAN_IRQHandler)
    HAL_CAN_Init                             0x08001e69   Thumb Code   282  stm32f1xx_hal_can.o(i.HAL_CAN_Init)
    HAL_CAN_MspInit                          0x08001f85   Thumb Code   126  can.o(i.HAL_CAN_MspInit)
    HAL_CAN_RxFifo0FullCallback              0x08002015   Thumb Code     2  stm32f1xx_hal_can.o(i.HAL_CAN_RxFifo0FullCallback)
    HAL_CAN_RxFifo0MsgPendingCallback        0x08002019   Thumb Code    22  can.o(i.HAL_CAN_RxFifo0MsgPendingCallback)
    HAL_CAN_RxFifo1FullCallback              0x08002039   Thumb Code     2  stm32f1xx_hal_can.o(i.HAL_CAN_RxFifo1FullCallback)
    HAL_CAN_RxFifo1MsgPendingCallback        0x0800203b   Thumb Code     2  stm32f1xx_hal_can.o(i.HAL_CAN_RxFifo1MsgPendingCallback)
    HAL_CAN_SleepCallback                    0x0800203d   Thumb Code     2  stm32f1xx_hal_can.o(i.HAL_CAN_SleepCallback)
    HAL_CAN_Start                            0x08002041   Thumb Code    88  stm32f1xx_hal_can.o(i.HAL_CAN_Start)
    HAL_CAN_Stop                             0x08002099   Thumb Code    96  stm32f1xx_hal_can.o(i.HAL_CAN_Stop)
    HAL_CAN_TxMailbox0AbortCallback          0x080020f9   Thumb Code     2  stm32f1xx_hal_can.o(i.HAL_CAN_TxMailbox0AbortCallback)
    HAL_CAN_TxMailbox0CompleteCallback       0x080020fb   Thumb Code     2  stm32f1xx_hal_can.o(i.HAL_CAN_TxMailbox0CompleteCallback)
    HAL_CAN_TxMailbox1AbortCallback          0x080020fd   Thumb Code     2  stm32f1xx_hal_can.o(i.HAL_CAN_TxMailbox1AbortCallback)
    HAL_CAN_TxMailbox1CompleteCallback       0x080020ff   Thumb Code     2  stm32f1xx_hal_can.o(i.HAL_CAN_TxMailbox1CompleteCallback)
    HAL_CAN_TxMailbox2AbortCallback          0x08002101   Thumb Code     2  stm32f1xx_hal_can.o(i.HAL_CAN_TxMailbox2AbortCallback)
    HAL_CAN_TxMailbox2CompleteCallback       0x08002103   Thumb Code     2  stm32f1xx_hal_can.o(i.HAL_CAN_TxMailbox2CompleteCallback)
    HAL_CAN_WakeUpFromRxMsgCallback          0x08002105   Thumb Code     2  stm32f1xx_hal_can.o(i.HAL_CAN_WakeUpFromRxMsgCallback)
    HAL_Delay                                0x08002109   Thumb Code    32  stm32f1xx_hal.o(i.HAL_Delay)
    HAL_GPIO_EXTI_Callback                   0x0800212d   Thumb Code     2  stm32f1xx_hal_gpio.o(i.HAL_GPIO_EXTI_Callback)
    HAL_GPIO_EXTI_IRQHandler                 0x08002131   Thumb Code    18  stm32f1xx_hal_gpio.o(i.HAL_GPIO_EXTI_IRQHandler)
    HAL_GPIO_Init                            0x08002149   Thumb Code   462  stm32f1xx_hal_gpio.o(i.HAL_GPIO_Init)
    HAL_GPIO_TogglePin                       0x08002341   Thumb Code    16  stm32f1xx_hal_gpio.o(i.HAL_GPIO_TogglePin)
    HAL_GPIO_WritePin                        0x08002351   Thumb Code    10  stm32f1xx_hal_gpio.o(i.HAL_GPIO_WritePin)
    HAL_GetTick                              0x0800235d   Thumb Code     6  stm32f1xx_hal.o(i.HAL_GetTick)
    HAL_I2C_Init                             0x08002369   Thumb Code   376  stm32f1xx_hal_i2c.o(i.HAL_I2C_Init)
    HAL_I2C_Master_Transmit                  0x080024f1   Thumb Code   290  stm32f1xx_hal_i2c.o(i.HAL_I2C_Master_Transmit)
    HAL_I2C_Mem_Read                         0x0800261d   Thumb Code   586  stm32f1xx_hal_i2c.o(i.HAL_I2C_Mem_Read)
    HAL_I2C_MspInit                          0x08002879   Thumb Code   148  i2c.o(i.HAL_I2C_MspInit)
    HAL_IncTick                              0x08002921   Thumb Code    12  stm32f1xx_hal.o(i.HAL_IncTick)
    HAL_Init                                 0x08002931   Thumb Code    32  stm32f1xx_hal.o(i.HAL_Init)
    HAL_InitTick                             0x08002955   Thumb Code    54  stm32f1xx_hal.o(i.HAL_InitTick)
    HAL_MspInit                              0x08002995   Thumb Code    52  stm32f1xx_hal_msp.o(i.HAL_MspInit)
    HAL_NVIC_EnableIRQ                       0x080029d1   Thumb Code    26  stm32f1xx_hal_cortex.o(i.HAL_NVIC_EnableIRQ)
    HAL_NVIC_SetPriority                     0x080029ed   Thumb Code    60  stm32f1xx_hal_cortex.o(i.HAL_NVIC_SetPriority)
    HAL_NVIC_SetPriorityGrouping             0x08002a2d   Thumb Code    26  stm32f1xx_hal_cortex.o(i.HAL_NVIC_SetPriorityGrouping)
    HAL_RCC_ClockConfig                      0x08002a51   Thumb Code   280  stm32f1xx_hal_rcc.o(i.HAL_RCC_ClockConfig)
    HAL_RCC_GetPCLK1Freq                     0x08002b7d   Thumb Code    20  stm32f1xx_hal_rcc.o(i.HAL_RCC_GetPCLK1Freq)
    HAL_RCC_GetPCLK2Freq                     0x08002b9d   Thumb Code    20  stm32f1xx_hal_rcc.o(i.HAL_RCC_GetPCLK2Freq)
    HAL_RCC_GetSysClockFreq                  0x08002bbd   Thumb Code    58  stm32f1xx_hal_rcc.o(i.HAL_RCC_GetSysClockFreq)
    HAL_RCC_OscConfig                        0x08002c09   Thumb Code   778  stm32f1xx_hal_rcc.o(i.HAL_RCC_OscConfig)
    HAL_SPI_Init                             0x08002f29   Thumb Code   178  stm32f1xx_hal_spi.o(i.HAL_SPI_Init)
    HAL_SPI_MspInit                          0x08002fdd   Thumb Code   102  spi.o(i.HAL_SPI_MspInit)
    HAL_SPI_TransmitReceive                  0x08003051   Thumb Code   496  stm32f1xx_hal_spi.o(i.HAL_SPI_TransmitReceive)
    HAL_SYSTICK_Config                       0x08003241   Thumb Code    40  stm32f1xx_hal_cortex.o(i.HAL_SYSTICK_Config)
    HAL_TIMEx_BreakCallback                  0x08003269   Thumb Code     2  stm32f1xx_hal_tim_ex.o(i.HAL_TIMEx_BreakCallback)
    HAL_TIMEx_CommutCallback                 0x0800326b   Thumb Code     2  stm32f1xx_hal_tim_ex.o(i.HAL_TIMEx_CommutCallback)
    HAL_TIMEx_MasterConfigSynchronization    0x0800326d   Thumb Code   104  stm32f1xx_hal_tim_ex.o(i.HAL_TIMEx_MasterConfigSynchronization)
    HAL_TIM_Base_Init                        0x080032e9   Thumb Code    90  stm32f1xx_hal_tim.o(i.HAL_TIM_Base_Init)
    HAL_TIM_Base_MspInit                     0x08003345   Thumb Code    50  tim.o(i.HAL_TIM_Base_MspInit)
    HAL_TIM_Base_Start_IT                    0x08003381   Thumb Code    88  stm32f1xx_hal_tim.o(i.HAL_TIM_Base_Start_IT)
    HAL_TIM_Encoder_Init                     0x080033ed   Thumb Code   164  stm32f1xx_hal_tim.o(i.HAL_TIM_Encoder_Init)
    HAL_TIM_Encoder_MspInit                  0x08003491   Thumb Code   362  tim.o(i.HAL_TIM_Encoder_MspInit)
    HAL_TIM_Encoder_Start                    0x08003625   Thumb Code   142  stm32f1xx_hal_tim.o(i.HAL_TIM_Encoder_Start)
    HAL_TIM_IC_CaptureCallback               0x080036b3   Thumb Code     2  stm32f1xx_hal_tim.o(i.HAL_TIM_IC_CaptureCallback)
    HAL_TIM_IRQHandler                       0x080036b5   Thumb Code   304  stm32f1xx_hal_tim.o(i.HAL_TIM_IRQHandler)
    HAL_TIM_OC_DelayElapsedCallback          0x080037e5   Thumb Code     2  stm32f1xx_hal_tim.o(i.HAL_TIM_OC_DelayElapsedCallback)
    HAL_TIM_PWM_PulseFinishedCallback        0x080037e7   Thumb Code     2  stm32f1xx_hal_tim.o(i.HAL_TIM_PWM_PulseFinishedCallback)
    HAL_TIM_PeriodElapsedCallback            0x080037e9   Thumb Code    60  stm32f1xx_it.o(i.HAL_TIM_PeriodElapsedCallback)
    HAL_TIM_TriggerCallback                  0x0800382d   Thumb Code     2  stm32f1xx_hal_tim.o(i.HAL_TIM_TriggerCallback)
    HAL_UART_Init                            0x0800382f   Thumb Code   100  stm32f1xx_hal_uart.o(i.HAL_UART_Init)
    HAL_UART_MspInit                         0x08003895   Thumb Code    98  usart.o(i.HAL_UART_MspInit)
    HAL_UART_Transmit                        0x08003905   Thumb Code   160  stm32f1xx_hal_uart.o(i.HAL_UART_Transmit)
    HardFault_Handler                        0x080039a5   Thumb Code     2  stm32f1xx_it.o(i.HardFault_Handler)
    IMU_Int_ISR                              0x08003dd9   Thumb Code     8  spi.o(i.IMU_Int_ISR)
    MX_CAN_Init                              0x08003e61   Thumb Code    94  can.o(i.MX_CAN_Init)
    MX_GPIO_Init                             0x08003ecd   Thumb Code   286  gpio.o(i.MX_GPIO_Init)
    MX_I2C1_Init                             0x08004005   Thumb Code    50  i2c.o(i.MX_I2C1_Init)
    MX_I2C2_Init                             0x08004045   Thumb Code    50  i2c.o(i.MX_I2C2_Init)
    MX_SPI2_Init                             0x08004085   Thumb Code    62  spi.o(i.MX_SPI2_Init)
    MX_TIM1_Init                             0x080040cd   Thumb Code    98  tim.o(i.MX_TIM1_Init)
    MX_TIM2_Init                             0x08004139   Thumb Code    98  tim.o(i.MX_TIM2_Init)
    MX_TIM3_Init                             0x080041a1   Thumb Code    96  tim.o(i.MX_TIM3_Init)
    MX_TIM4_Init                             0x08004209   Thumb Code    96  tim.o(i.MX_TIM4_Init)
    MX_TIM5_Init                             0x08004271   Thumb Code    96  tim.o(i.MX_TIM5_Init)
    MX_TIM6_Init                             0x080042d9   Thumb Code    60  tim.o(i.MX_TIM6_Init)
    MX_TIM8_Init                             0x0800431d   Thumb Code    98  tim.o(i.MX_TIM8_Init)
    MX_USART2_UART_Init                      0x08004389   Thumb Code    48  usart.o(i.MX_USART2_UART_Init)
    MemManage_Handler                        0x080043c1   Thumb Code     2  stm32f1xx_it.o(i.MemManage_Handler)
    NMI_Handler                              0x080043c3   Thumb Code     2  stm32f1xx_it.o(i.NMI_Handler)
    PendSV_Handler                           0x080043c5   Thumb Code     2  stm32f1xx_it.o(i.PendSV_Handler)
    SVC_Handler                              0x080044b5   Thumb Code     2  stm32f1xx_it.o(i.SVC_Handler)
    Sensors_100ms_Task                       0x080044b9   Thumb Code   252  spi.o(i.Sensors_100ms_Task)
    Sensors_10ms_Task                        0x080045c1   Thumb Code   156  spi.o(i.Sensors_10ms_Task)
    Sensors_Init                             0x08004669   Thumb Code    28  spi.o(i.Sensors_Init)
    SysTick_Handler                          0x08004689   Thumb Code     4  stm32f1xx_it.o(i.SysTick_Handler)
    SystemClock_Config                       0x0800468d   Thumb Code    94  main.o(i.SystemClock_Config)
    SystemInit                               0x080046eb   Thumb Code     2  system_stm32f1xx.o(i.SystemInit)
    TIM6_IRQHandler                          0x080046ed   Thumb Code     6  stm32f1xx_it.o(i.TIM6_IRQHandler)
    TIM_Base_SetConfig                       0x080046f9   Thumb Code   134  stm32f1xx_hal_tim.o(i.TIM_Base_SetConfig)
    TIM_CCxChannelCmd                        0x08004795   Thumb Code    26  stm32f1xx_hal_tim.o(i.TIM_CCxChannelCmd)
    USB_LP_CAN1_RX0_IRQHandler               0x08004929   Thumb Code     6  stm32f1xx_it.o(i.USB_LP_CAN1_RX0_IRQHandler)
    UsageFault_Handler                       0x08004935   Thumb Code     2  stm32f1xx_it.o(i.UsageFault_Handler)
    __ARM_fpclassify                         0x08004937   Thumb Code    40  fpclassify.o(i.__ARM_fpclassify)
    _is_digit                                0x0800497f   Thumb Code    14  __printf_wp.o(i._is_digit)
    main                                     0x0800498d   Thumb Code   294  main.o(i.main)
    motor_crc7                               0x08004b19   Thumb Code    48  motoron_util.o(i.motor_crc7)
    motor_set_speed                          0x08004b49   Thumb Code    64  motoron_util.o(i.motor_set_speed)
    _get_lc_numeric                          0x08004bad   Thumb Code    44  lc_numeric_c.o(locale$$code)
    __aeabi_d2f                              0x08004bd9   Thumb Code     0  d2f.o(x$fpl$d2f)
    _d2f                                     0x08004bd9   Thumb Code    98  d2f.o(x$fpl$d2f)
    __aeabi_dadd                             0x08004c3d   Thumb Code     0  daddsub_clz.o(x$fpl$dadd)
    _dadd                                    0x08004c3d   Thumb Code   332  daddsub_clz.o(x$fpl$dadd)
    __fpl_dcheck_NaN1                        0x08004d8d   Thumb Code    10  dcheck1.o(x$fpl$dcheck1)
    __aeabi_ddiv                             0x08004d9d   Thumb Code     0  ddiv.o(x$fpl$ddiv)
    _ddiv                                    0x08004d9d   Thumb Code   552  ddiv.o(x$fpl$ddiv)
    __aeabi_dmul                             0x0800504d   Thumb Code     0  dmul.o(x$fpl$dmul)
    _dmul                                    0x0800504d   Thumb Code   332  dmul.o(x$fpl$dmul)
    __fpl_dnaninf                            0x080051a1   Thumb Code   156  dnaninf.o(x$fpl$dnaninf)
    __fpl_dretinf                            0x0800523d   Thumb Code    12  dretinf.o(x$fpl$dretinf)
    __aeabi_dsub                             0x08005249   Thumb Code     0  daddsub_clz.o(x$fpl$dsub)
    _dsub                                    0x08005249   Thumb Code   464  daddsub_clz.o(x$fpl$dsub)
    __aeabi_f2d                              0x0800541d   Thumb Code     0  f2d.o(x$fpl$f2d)
    _f2d                                     0x0800541d   Thumb Code    86  f2d.o(x$fpl$f2d)
    __aeabi_fadd                             0x08005475   Thumb Code     0  faddsub_clz.o(x$fpl$fadd)
    _fadd                                    0x08005475   Thumb Code   196  faddsub_clz.o(x$fpl$fadd)
    __fpl_fcheck_NaN1                        0x08005539   Thumb Code     6  fcheck1.o(x$fpl$fcheck1)
    __aeabi_fdiv                             0x08005545   Thumb Code     0  fdiv.o(x$fpl$fdiv)
    _fdiv                                    0x08005545   Thumb Code   384  fdiv.o(x$fpl$fdiv)
    __aeabi_f2iz                             0x080056c9   Thumb Code     0  ffix.o(x$fpl$ffix)
    _ffix                                    0x080056c9   Thumb Code    54  ffix.o(x$fpl$ffix)
    __aeabi_i2f                              0x08005701   Thumb Code     0  fflt_clz.o(x$fpl$fflt)
    _fflt                                    0x08005701   Thumb Code    48  fflt_clz.o(x$fpl$fflt)
    __aeabi_ui2f                             0x08005731   Thumb Code     0  fflt_clz.o(x$fpl$ffltu)
    _ffltu                                   0x08005731   Thumb Code    38  fflt_clz.o(x$fpl$ffltu)
    __aeabi_fmul                             0x08005759   Thumb Code     0  fmul.o(x$fpl$fmul)
    _fmul                                    0x08005759   Thumb Code   258  fmul.o(x$fpl$fmul)
    __fpl_fnaninf                            0x0800585b   Thumb Code   140  fnaninf.o(x$fpl$fnaninf)
    __fpl_fretinf                            0x080058e7   Thumb Code    10  fretinf.o(x$fpl$fretinf)
    __aeabi_fsub                             0x080058f1   Thumb Code     0  faddsub_clz.o(x$fpl$fsub)
    _fsub                                    0x080058f1   Thumb Code   234  faddsub_clz.o(x$fpl$fsub)
    _printf_fp_dec                           0x080059db   Thumb Code     4  printf1.o(x$fpl$printf1)
    __fpl_return_NaN                         0x080059df   Thumb Code   100  retnan.o(x$fpl$retnan)
    __ARM_scalbn                             0x08005a43   Thumb Code    92  scalbn.o(x$fpl$scalbn)
    __ARM_scalbnf                            0x08005a9f   Thumb Code    76  scalbnf.o(x$fpl$scalbnf)
    __fpl_cmpreturn                          0x08005aeb   Thumb Code    48  trapv.o(x$fpl$trapveneer)
    __I$use$fp                               0x08005b1a   Number         0  usenofp.o(x$fpl$usenofp)
    AHBPrescTable                            0x08005da2   Data          16  system_stm32f1xx.o(.constdata)
    APBPrescTable                            0x08005db2   Data           8  system_stm32f1xx.o(.constdata)
    Region$$Table$$Base                      0x08005e50   Number         0  anon$$obj.o(Region$$Table)
    Region$$Table$$Limit                     0x08005e70   Number         0  anon$$obj.o(Region$$Table)
    addr                                     0x20000000   Data           6  angle_ctrl.o(.data)
    motor_num                                0x20000006   Data           6  angle_ctrl.o(.data)
    hEnc                                     0x2000000c   Data          24  angle_ctrl.o(.data)
    pid                                      0x20000024   Data         120  angle_ctrl.o(.data)
    canRxPending                             0x2000009c   Data           1  can.o(.data)
    FPID                                     0x200000b4   Data          44  fuzzypid.o(.data)
    uwTickFreq                               0x200000e0   Data           1  stm32f1xx_hal.o(.data)
    uwTickPrio                               0x200000e4   Data           4  stm32f1xx_hal.o(.data)
    uwTick                                   0x200000e8   Data           4  stm32f1xx_hal.o(.data)
    SystemCoreClock                          0x200000ec   Data           4  system_stm32f1xx.o(.data)
    g_target_deg                             0x200000f0   Data          24  angle_ctrl.o(.bss)
    g_meas_deg                               0x20000108   Data          24  angle_ctrl.o(.bss)
    hcan                                     0x20000154   Data          40  can.o(.bss)
    hi2c1                                    0x2000017c   Data          84  i2c.o(.bss)
    hi2c2                                    0x200001d0   Data          84  i2c.o(.bss)
    hspi2                                    0x20000224   Data          88  spi.o(.bss)
    htim1                                    0x2000027c   Data          72  tim.o(.bss)
    htim2                                    0x200002c4   Data          72  tim.o(.bss)
    htim3                                    0x2000030c   Data          72  tim.o(.bss)
    htim4                                    0x20000354   Data          72  tim.o(.bss)
    htim5                                    0x2000039c   Data          72  tim.o(.bss)
    htim6                                    0x200003e4   Data          72  tim.o(.bss)
    htim8                                    0x2000042c   Data          72  tim.o(.bss)
    huart2                                   0x20000474   Data          72  usart.o(.bss)
    __libspace_start                         0x200004bc   Data          96  libspace.o(.bss)
    __temporary_stack_top$libspace           0x2000051c   Data           0  libspace.o(.bss)



==============================================================================

Memory Map of the image

  Image Entry point : 0x08000131

  Load Region LR_IROM1 (Base: 0x08000000, Size: 0x00005f7c, Max: 0x00080000, ABSOLUTE)

    Execution Region ER_IROM1 (Exec base: 0x08000000, Load base: 0x08000000, Size: 0x00005e8c, Max: 0x00080000, ABSOLUTE)

    Exec Addr    Load Addr    Size         Type   Attr      Idx    E Section Name        Object

    0x08000000   0x08000000   0x00000130   Data   RO            3    RESET               startup_stm32f103xe.o
    0x08000130   0x08000130   0x00000008   Code   RO         4230  * !!!main             c_w.l(__main.o)
    0x08000138   0x08000138   0x00000034   Code   RO         4506    !!!scatter          c_w.l(__scatter.o)
    0x0800016c   0x0800016c   0x0000001a   Code   RO         4508    !!handler_copy      c_w.l(__scatter_copy.o)
    0x08000186   0x08000186   0x00000002   PAD
    0x08000188   0x08000188   0x0000001c   Code   RO         4510    !!handler_zi        c_w.l(__scatter_zi.o)
    0x080001a4   0x080001a4   0x00000000   Code   RO         4221    .ARM.Collect$$_printf_percent$$00000000  c_w.l(_printf_percent.o)
    0x080001a4   0x080001a4   0x00000006   Code   RO         4220    .ARM.Collect$$_printf_percent$$00000003  c_w.l(_printf_f.o)
    0x080001aa   0x080001aa   0x00000006   Code   RO         4219    .ARM.Collect$$_printf_percent$$00000009  c_w.l(_printf_d.o)
    0x080001b0   0x080001b0   0x00000004   Code   RO         4287    .ARM.Collect$$_printf_percent$$00000017  c_w.l(_printf_percent_end.o)
    0x080001b4   0x080001b4   0x00000002   Code   RO         4375    .ARM.Collect$$libinit$$00000000  c_w.l(libinit.o)
    0x080001b6   0x080001b6   0x00000000   Code   RO         4377    .ARM.Collect$$libinit$$00000002  c_w.l(libinit2.o)
    0x080001b6   0x080001b6   0x00000000   Code   RO         4379    .ARM.Collect$$libinit$$00000004  c_w.l(libinit2.o)
    0x080001b6   0x080001b6   0x00000000   Code   RO         4382    .ARM.Collect$$libinit$$0000000A  c_w.l(libinit2.o)
    0x080001b6   0x080001b6   0x00000000   Code   RO         4384    .ARM.Collect$$libinit$$0000000C  c_w.l(libinit2.o)
    0x080001b6   0x080001b6   0x00000000   Code   RO         4386    .ARM.Collect$$libinit$$0000000E  c_w.l(libinit2.o)
    0x080001b6   0x080001b6   0x00000006   Code   RO         4387    .ARM.Collect$$libinit$$0000000F  c_w.l(libinit2.o)
    0x080001bc   0x080001bc   0x00000000   Code   RO         4389    .ARM.Collect$$libinit$$00000011  c_w.l(libinit2.o)
    0x080001bc   0x080001bc   0x00000000   Code   RO         4391    .ARM.Collect$$libinit$$00000013  c_w.l(libinit2.o)
    0x080001bc   0x080001bc   0x00000000   Code   RO         4393    .ARM.Collect$$libinit$$00000015  c_w.l(libinit2.o)
    0x080001bc   0x080001bc   0x0000000a   Code   RO         4394    .ARM.Collect$$libinit$$00000016  c_w.l(libinit2.o)
    0x080001c6   0x080001c6   0x00000000   Code   RO         4395    .ARM.Collect$$libinit$$00000017  c_w.l(libinit2.o)
    0x080001c6   0x080001c6   0x00000000   Code   RO         4397    .ARM.Collect$$libinit$$00000019  c_w.l(libinit2.o)
    0x080001c6   0x080001c6   0x00000000   Code   RO         4399    .ARM.Collect$$libinit$$0000001B  c_w.l(libinit2.o)
    0x080001c6   0x080001c6   0x00000000   Code   RO         4401    .ARM.Collect$$libinit$$0000001D  c_w.l(libinit2.o)
    0x080001c6   0x080001c6   0x00000000   Code   RO         4403    .ARM.Collect$$libinit$$0000001F  c_w.l(libinit2.o)
    0x080001c6   0x080001c6   0x00000000   Code   RO         4405    .ARM.Collect$$libinit$$00000021  c_w.l(libinit2.o)
    0x080001c6   0x080001c6   0x00000000   Code   RO         4407    .ARM.Collect$$libinit$$00000023  c_w.l(libinit2.o)
    0x080001c6   0x080001c6   0x00000000   Code   RO         4409    .ARM.Collect$$libinit$$00000025  c_w.l(libinit2.o)
    0x080001c6   0x080001c6   0x00000000   Code   RO         4413    .ARM.Collect$$libinit$$0000002C  c_w.l(libinit2.o)
    0x080001c6   0x080001c6   0x00000000   Code   RO         4415    .ARM.Collect$$libinit$$0000002E  c_w.l(libinit2.o)
    0x080001c6   0x080001c6   0x00000000   Code   RO         4417    .ARM.Collect$$libinit$$00000030  c_w.l(libinit2.o)
    0x080001c6   0x080001c6   0x00000000   Code   RO         4419    .ARM.Collect$$libinit$$00000032  c_w.l(libinit2.o)
    0x080001c6   0x080001c6   0x00000002   Code   RO         4420    .ARM.Collect$$libinit$$00000033  c_w.l(libinit2.o)
    0x080001c8   0x080001c8   0x00000002   Code   RO         4452    .ARM.Collect$$libshutdown$$00000000  c_w.l(libshutdown.o)
    0x080001ca   0x080001ca   0x00000000   Code   RO         4463    .ARM.Collect$$libshutdown$$00000002  c_w.l(libshutdown2.o)
    0x080001ca   0x080001ca   0x00000000   Code   RO         4465    .ARM.Collect$$libshutdown$$00000004  c_w.l(libshutdown2.o)
    0x080001ca   0x080001ca   0x00000000   Code   RO         4467    .ARM.Collect$$libshutdown$$00000006  c_w.l(libshutdown2.o)
    0x080001ca   0x080001ca   0x00000000   Code   RO         4470    .ARM.Collect$$libshutdown$$00000009  c_w.l(libshutdown2.o)
    0x080001ca   0x080001ca   0x00000000   Code   RO         4473    .ARM.Collect$$libshutdown$$0000000C  c_w.l(libshutdown2.o)
    0x080001ca   0x080001ca   0x00000000   Code   RO         4475    .ARM.Collect$$libshutdown$$0000000E  c_w.l(libshutdown2.o)
    0x080001ca   0x080001ca   0x00000000   Code   RO         4478    .ARM.Collect$$libshutdown$$00000011  c_w.l(libshutdown2.o)
    0x080001ca   0x080001ca   0x00000002   Code   RO         4479    .ARM.Collect$$libshutdown$$00000012  c_w.l(libshutdown2.o)
    0x080001cc   0x080001cc   0x00000000   Code   RO         4276    .ARM.Collect$$rtentry$$00000000  c_w.l(__rtentry.o)
    0x080001cc   0x080001cc   0x00000000   Code   RO         4302    .ARM.Collect$$rtentry$$00000002  c_w.l(__rtentry2.o)
    0x080001cc   0x080001cc   0x00000006   Code   RO         4314    .ARM.Collect$$rtentry$$00000004  c_w.l(__rtentry4.o)
    0x080001d2   0x080001d2   0x00000000   Code   RO         4304    .ARM.Collect$$rtentry$$00000009  c_w.l(__rtentry2.o)
    0x080001d2   0x080001d2   0x00000004   Code   RO         4305    .ARM.Collect$$rtentry$$0000000A  c_w.l(__rtentry2.o)
    0x080001d6   0x080001d6   0x00000000   Code   RO         4307    .ARM.Collect$$rtentry$$0000000C  c_w.l(__rtentry2.o)
    0x080001d6   0x080001d6   0x00000008   Code   RO         4308    .ARM.Collect$$rtentry$$0000000D  c_w.l(__rtentry2.o)
    0x080001de   0x080001de   0x00000002   Code   RO         4423    .ARM.Collect$$rtexit$$00000000  c_w.l(rtexit.o)
    0x080001e0   0x080001e0   0x00000000   Code   RO         4430    .ARM.Collect$$rtexit$$00000002  c_w.l(rtexit2.o)
    0x080001e0   0x080001e0   0x00000004   Code   RO         4431    .ARM.Collect$$rtexit$$00000003  c_w.l(rtexit2.o)
    0x080001e4   0x080001e4   0x00000006   Code   RO         4432    .ARM.Collect$$rtexit$$00000004  c_w.l(rtexit2.o)
    0x080001ea   0x080001ea   0x00000002   PAD
    0x080001ec   0x080001ec   0x00000040   Code   RO            4    .text               startup_stm32f103xe.o
    0x0800022c   0x0800022c   0x00000034   Code   RO         4193    .text               c_w.l(noretval__2snprintf.o)
    0x08000260   0x08000260   0x00000078   Code   RO         4197    .text               c_w.l(_printf_dec.o)
    0x080002d8   0x080002d8   0x0000010e   Code   RO         4207    .text               c_w.l(__printf_wp.o)
    0x080003e6   0x080003e6   0x0000003e   Code   RO         4222    .text               c_w.l(strlen.o)
    0x08000424   0x08000424   0x00000064   Code   RO         4224    .text               c_w.l(rt_memcpy_w.o)
    0x08000488   0x08000488   0x0000004e   Code   RO         4226    .text               c_w.l(rt_memclr_w.o)
    0x080004d6   0x080004d6   0x00000006   Code   RO         4228    .text               c_w.l(heapauxi.o)
    0x080004dc   0x080004dc   0x000000b2   Code   RO         4277    .text               c_w.l(_printf_intcommon.o)
    0x0800058e   0x0800058e   0x0000041e   Code   RO         4279    .text               c_w.l(_printf_fp_dec.o)
    0x080009ac   0x080009ac   0x00000030   Code   RO         4281    .text               c_w.l(_printf_char_common.o)
    0x080009dc   0x080009dc   0x0000000a   Code   RO         4283    .text               c_w.l(_sputc.o)
    0x080009e6   0x080009e6   0x00000010   Code   RO         4285    .text               c_w.l(_snputc.o)
    0x080009f6   0x080009f6   0x00000002   PAD
    0x080009f8   0x080009f8   0x00000008   Code   RO         4319    .text               c_w.l(rt_locale_intlibspace.o)
    0x08000a00   0x08000a00   0x0000008a   Code   RO         4321    .text               c_w.l(lludiv10.o)
    0x08000a8a   0x08000a8a   0x00000002   PAD
    0x08000a8c   0x08000a8c   0x00000080   Code   RO         4323    .text               c_w.l(_printf_fp_infnan.o)
    0x08000b0c   0x08000b0c   0x000000e4   Code   RO         4327    .text               c_w.l(bigflt0.o)
    0x08000bf0   0x08000bf0   0x00000008   Code   RO         4361    .text               c_w.l(libspace.o)
    0x08000bf8   0x08000bf8   0x0000004a   Code   RO         4364    .text               c_w.l(sys_stackheap_outer.o)
    0x08000c42   0x08000c42   0x00000012   Code   RO         4366    .text               c_w.l(exit.o)
    0x08000c54   0x08000c54   0x00000080   Code   RO         4368    .text               c_w.l(strcmpv7m.o)
    0x08000cd4   0x08000cd4   0x0000000c   Code   RO         4442    .text               c_w.l(sys_exit.o)
    0x08000ce0   0x08000ce0   0x00000002   Code   RO         4453    .text               c_w.l(use_no_semi.o)
    0x08000ce2   0x08000ce2   0x00000000   Code   RO         4455    .text               c_w.l(indicate_semi.o)
    0x08000ce2   0x08000ce2   0x0000003e   Code   RO         4330    CL$$btod_d2e        c_w.l(btod.o)
    0x08000d20   0x08000d20   0x00000046   Code   RO         4332    CL$$btod_d2e_denorm_low  c_w.l(btod.o)
    0x08000d66   0x08000d66   0x00000060   Code   RO         4331    CL$$btod_d2e_norm_op1  c_w.l(btod.o)
    0x08000dc6   0x08000dc6   0x00000338   Code   RO         4340    CL$$btod_div_common  c_w.l(btod.o)
    0x080010fe   0x080010fe   0x000000dc   Code   RO         4337    CL$$btod_e2e        c_w.l(btod.o)
    0x080011da   0x080011da   0x0000002a   Code   RO         4334    CL$$btod_ediv       c_w.l(btod.o)
    0x08001204   0x08001204   0x0000002a   Code   RO         4333    CL$$btod_emul       c_w.l(btod.o)
    0x0800122e   0x0800122e   0x00000244   Code   RO         4339    CL$$btod_mult_common  c_w.l(btod.o)
    0x08001472   0x08001472   0x00000002   PAD
    0x08001474   0x08001474   0x00000028   Code   RO           13    i.AngleCtrl_Init    angle_ctrl.o
    0x0800149c   0x0800149c   0x000000f0   Code   RO           14    i.AngleCtrl_Task    angle_ctrl.o
    0x0800158c   0x0800158c   0x00000002   Code   RO          617    i.BusFault_Handler  stm32f1xx_it.o
    0x0800158e   0x0800158e   0x00000002   PAD
    0x08001590   0x08001590   0x000001a8   Code   RO          742    i.CalcMembership    fuzzypid.o
    0x08001738   0x08001738   0x00000020   Code   RO          743    i.DWT_GetUs         fuzzypid.o
    0x08001758   0x08001758   0x00000024   Code   RO          744    i.DWT_Init          fuzzypid.o
    0x0800177c   0x0800177c   0x00000002   Code   RO          618    i.DebugMon_Handler  stm32f1xx_it.o
    0x0800177e   0x0800177e   0x00000002   PAD
    0x08001780   0x08001780   0x00000024   Code   RO          619    i.EXTI9_5_IRQHandler  stm32f1xx_it.o
    0x080017a4   0x080017a4   0x00000004   Code   RO          198    i.Error_Handler     main.o
    0x080017a8   0x080017a8   0x00000198   Code   RO          745    i.FuzzyComputation  fuzzypid.o
    0x08001940   0x08001940   0x00000034   Code   RO          746    i.Fuzzytrans        fuzzypid.o
    0x08001974   0x08001974   0x00000024   Code   RO          847    i.HAL_CAN_ActivateNotification  stm32f1xx_hal_can.o
    0x08001998   0x08001998   0x000000d0   Code   RO          848    i.HAL_CAN_AddTxMessage  stm32f1xx_hal_can.o
    0x08001a68   0x08001a68   0x000000ee   Code   RO          849    i.HAL_CAN_ConfigFilter  stm32f1xx_hal_can.o
    0x08001b56   0x08001b56   0x0000001e   Code   RO          284    i.HAL_CAN_ErrorCallback  can.o
    0x08001b74   0x08001b74   0x00000004   Code   RO          853    i.HAL_CAN_GetError  stm32f1xx_hal_can.o
    0x08001b78   0x08001b78   0x000000f4   Code   RO          855    i.HAL_CAN_GetRxMessage  stm32f1xx_hal_can.o
    0x08001c6c   0x08001c6c   0x000001fc   Code   RO          859    i.HAL_CAN_IRQHandler  stm32f1xx_hal_can.o
    0x08001e68   0x08001e68   0x0000011a   Code   RO          860    i.HAL_CAN_Init      stm32f1xx_hal_can.o
    0x08001f82   0x08001f82   0x00000002   PAD
    0x08001f84   0x08001f84   0x00000090   Code   RO          286    i.HAL_CAN_MspInit   can.o
    0x08002014   0x08002014   0x00000002   Code   RO          867    i.HAL_CAN_RxFifo0FullCallback  stm32f1xx_hal_can.o
    0x08002016   0x08002016   0x00000002   PAD
    0x08002018   0x08002018   0x00000020   Code   RO          287    i.HAL_CAN_RxFifo0MsgPendingCallback  can.o
    0x08002038   0x08002038   0x00000002   Code   RO          869    i.HAL_CAN_RxFifo1FullCallback  stm32f1xx_hal_can.o
    0x0800203a   0x0800203a   0x00000002   Code   RO          870    i.HAL_CAN_RxFifo1MsgPendingCallback  stm32f1xx_hal_can.o
    0x0800203c   0x0800203c   0x00000002   Code   RO          871    i.HAL_CAN_SleepCallback  stm32f1xx_hal_can.o
    0x0800203e   0x0800203e   0x00000002   PAD
    0x08002040   0x08002040   0x00000058   Code   RO          872    i.HAL_CAN_Start     stm32f1xx_hal_can.o
    0x08002098   0x08002098   0x00000060   Code   RO          873    i.HAL_CAN_Stop      stm32f1xx_hal_can.o
    0x080020f8   0x080020f8   0x00000002   Code   RO          874    i.HAL_CAN_TxMailbox0AbortCallback  stm32f1xx_hal_can.o
    0x080020fa   0x080020fa   0x00000002   Code   RO          875    i.HAL_CAN_TxMailbox0CompleteCallback  stm32f1xx_hal_can.o
    0x080020fc   0x080020fc   0x00000002   Code   RO          876    i.HAL_CAN_TxMailbox1AbortCallback  stm32f1xx_hal_can.o
    0x080020fe   0x080020fe   0x00000002   Code   RO          877    i.HAL_CAN_TxMailbox1CompleteCallback  stm32f1xx_hal_can.o
    0x08002100   0x08002100   0x00000002   Code   RO          878    i.HAL_CAN_TxMailbox2AbortCallback  stm32f1xx_hal_can.o
    0x08002102   0x08002102   0x00000002   Code   RO          879    i.HAL_CAN_TxMailbox2CompleteCallback  stm32f1xx_hal_can.o
    0x08002104   0x08002104   0x00000002   Code   RO          881    i.HAL_CAN_WakeUpFromRxMsgCallback  stm32f1xx_hal_can.o
    0x08002106   0x08002106   0x00000002   PAD
    0x08002108   0x08002108   0x00000024   Code   RO         1087    i.HAL_Delay         stm32f1xx_hal.o
    0x0800212c   0x0800212c   0x00000002   Code   RO         1395    i.HAL_GPIO_EXTI_Callback  stm32f1xx_hal_gpio.o
    0x0800212e   0x0800212e   0x00000002   PAD
    0x08002130   0x08002130   0x00000018   Code   RO         1396    i.HAL_GPIO_EXTI_IRQHandler  stm32f1xx_hal_gpio.o
    0x08002148   0x08002148   0x000001f8   Code   RO         1397    i.HAL_GPIO_Init     stm32f1xx_hal_gpio.o
    0x08002340   0x08002340   0x00000010   Code   RO         1400    i.HAL_GPIO_TogglePin  stm32f1xx_hal_gpio.o
    0x08002350   0x08002350   0x0000000a   Code   RO         1401    i.HAL_GPIO_WritePin  stm32f1xx_hal_gpio.o
    0x0800235a   0x0800235a   0x00000002   PAD
    0x0800235c   0x0800235c   0x0000000c   Code   RO         1091    i.HAL_GetTick       stm32f1xx_hal.o
    0x08002368   0x08002368   0x00000188   Code   RO         2068    i.HAL_I2C_Init      stm32f1xx_hal_i2c.o
    0x080024f0   0x080024f0   0x0000012c   Code   RO         2081    i.HAL_I2C_Master_Transmit  stm32f1xx_hal_i2c.o
    0x0800261c   0x0800261c   0x0000025c   Code   RO         2086    i.HAL_I2C_Mem_Read  stm32f1xx_hal_i2c.o
    0x08002878   0x08002878   0x000000a8   Code   RO          356    i.HAL_I2C_MspInit   i2c.o
    0x08002920   0x08002920   0x00000010   Code   RO         1097    i.HAL_IncTick       stm32f1xx_hal.o
    0x08002930   0x08002930   0x00000024   Code   RO         1098    i.HAL_Init          stm32f1xx_hal.o
    0x08002954   0x08002954   0x00000040   Code   RO         1099    i.HAL_InitTick      stm32f1xx_hal.o
    0x08002994   0x08002994   0x0000003c   Code   RO          718    i.HAL_MspInit       stm32f1xx_hal_msp.o
    0x080029d0   0x080029d0   0x0000001a   Code   RO         1557    i.HAL_NVIC_EnableIRQ  stm32f1xx_hal_cortex.o
    0x080029ea   0x080029ea   0x00000002   PAD
    0x080029ec   0x080029ec   0x00000040   Code   RO         1563    i.HAL_NVIC_SetPriority  stm32f1xx_hal_cortex.o
    0x08002a2c   0x08002a2c   0x00000024   Code   RO         1564    i.HAL_NVIC_SetPriorityGrouping  stm32f1xx_hal_cortex.o
    0x08002a50   0x08002a50   0x0000012c   Code   RO         1255    i.HAL_RCC_ClockConfig  stm32f1xx_hal_rcc.o
    0x08002b7c   0x08002b7c   0x00000020   Code   RO         1262    i.HAL_RCC_GetPCLK1Freq  stm32f1xx_hal_rcc.o
    0x08002b9c   0x08002b9c   0x00000020   Code   RO         1263    i.HAL_RCC_GetPCLK2Freq  stm32f1xx_hal_rcc.o
    0x08002bbc   0x08002bbc   0x0000004c   Code   RO         1264    i.HAL_RCC_GetSysClockFreq  stm32f1xx_hal_rcc.o
    0x08002c08   0x08002c08   0x00000320   Code   RO         1267    i.HAL_RCC_OscConfig  stm32f1xx_hal_rcc.o
    0x08002f28   0x08002f28   0x000000b2   Code   RO         2505    i.HAL_SPI_Init      stm32f1xx_hal_spi.o
    0x08002fda   0x08002fda   0x00000002   PAD
    0x08002fdc   0x08002fdc   0x00000074   Code   RO          404    i.HAL_SPI_MspInit   spi.o
    0x08003050   0x08003050   0x000001f0   Code   RO         2514    i.HAL_SPI_TransmitReceive  stm32f1xx_hal_spi.o
    0x08003240   0x08003240   0x00000028   Code   RO         1568    i.HAL_SYSTICK_Config  stm32f1xx_hal_cortex.o
    0x08003268   0x08003268   0x00000002   Code   RO         3522    i.HAL_TIMEx_BreakCallback  stm32f1xx_hal_tim_ex.o
    0x0800326a   0x0800326a   0x00000002   Code   RO         3523    i.HAL_TIMEx_CommutCallback  stm32f1xx_hal_tim_ex.o
    0x0800326c   0x0800326c   0x0000007c   Code   RO         3541    i.HAL_TIMEx_MasterConfigSynchronization  stm32f1xx_hal_tim_ex.o
    0x080032e8   0x080032e8   0x0000005a   Code   RO         2818    i.HAL_TIM_Base_Init  stm32f1xx_hal_tim.o
    0x08003342   0x08003342   0x00000002   PAD
    0x08003344   0x08003344   0x0000003c   Code   RO          479    i.HAL_TIM_Base_MspInit  tim.o
    0x08003380   0x08003380   0x0000006c   Code   RO         2823    i.HAL_TIM_Base_Start_IT  stm32f1xx_hal_tim.o
    0x080033ec   0x080033ec   0x000000a4   Code   RO         2839    i.HAL_TIM_Encoder_Init  stm32f1xx_hal_tim.o
    0x08003490   0x08003490   0x00000194   Code   RO          481    i.HAL_TIM_Encoder_MspInit  tim.o
    0x08003624   0x08003624   0x0000008e   Code   RO         2842    i.HAL_TIM_Encoder_Start  stm32f1xx_hal_tim.o
    0x080036b2   0x080036b2   0x00000002   Code   RO         2852    i.HAL_TIM_IC_CaptureCallback  stm32f1xx_hal_tim.o
    0x080036b4   0x080036b4   0x00000130   Code   RO         2866    i.HAL_TIM_IRQHandler  stm32f1xx_hal_tim.o
    0x080037e4   0x080037e4   0x00000002   Code   RO         2869    i.HAL_TIM_OC_DelayElapsedCallback  stm32f1xx_hal_tim.o
    0x080037e6   0x080037e6   0x00000002   Code   RO         2896    i.HAL_TIM_PWM_PulseFinishedCallback  stm32f1xx_hal_tim.o
    0x080037e8   0x080037e8   0x00000044   Code   RO          620    i.HAL_TIM_PeriodElapsedCallback  stm32f1xx_it.o
    0x0800382c   0x0800382c   0x00000002   Code   RO         2909    i.HAL_TIM_TriggerCallback  stm32f1xx_hal_tim.o
    0x0800382e   0x0800382e   0x00000064   Code   RO         3819    i.HAL_UART_Init     stm32f1xx_hal_uart.o
    0x08003892   0x08003892   0x00000002   PAD
    0x08003894   0x08003894   0x00000070   Code   RO          569    i.HAL_UART_MspInit  usart.o
    0x08003904   0x08003904   0x000000a0   Code   RO         3827    i.HAL_UART_Transmit  stm32f1xx_hal_uart.o
    0x080039a4   0x080039a4   0x00000002   Code   RO          621    i.HardFault_Handler  stm32f1xx_it.o
    0x080039a6   0x080039a6   0x0000002e   Code   RO         2111    i.I2C_IsAcknowledgeFailed  stm32f1xx_hal_i2c.o
    0x080039d4   0x080039d4   0x0000009c   Code   RO         2115    i.I2C_MasterRequestWrite  stm32f1xx_hal_i2c.o
    0x08003a70   0x08003a70   0x000000fc   Code   RO         2121    i.I2C_RequestMemoryRead  stm32f1xx_hal_i2c.o
    0x08003b6c   0x08003b6c   0x00000056   Code   RO         2126    i.I2C_WaitOnBTFFlagUntilTimeout  stm32f1xx_hal_i2c.o
    0x08003bc2   0x08003bc2   0x00000002   PAD
    0x08003bc4   0x08003bc4   0x00000090   Code   RO         2127    i.I2C_WaitOnFlagUntilTimeout  stm32f1xx_hal_i2c.o
    0x08003c54   0x08003c54   0x000000bc   Code   RO         2128    i.I2C_WaitOnMasterAddressFlagUntilTimeout  stm32f1xx_hal_i2c.o
    0x08003d10   0x08003d10   0x00000070   Code   RO         2129    i.I2C_WaitOnRXNEFlagUntilTimeout  stm32f1xx_hal_i2c.o
    0x08003d80   0x08003d80   0x00000056   Code   RO         2130    i.I2C_WaitOnTXEFlagUntilTimeout  stm32f1xx_hal_i2c.o
    0x08003dd6   0x08003dd6   0x00000002   PAD
    0x08003dd8   0x08003dd8   0x0000000c   Code   RO          405    i.IMU_Int_ISR       spi.o
    0x08003de4   0x08003de4   0x0000007c   Code   RO          747    i.LinearQuantization  fuzzypid.o
    0x08003e60   0x08003e60   0x0000006c   Code   RO          288    i.MX_CAN_Init       can.o
    0x08003ecc   0x08003ecc   0x00000138   Code   RO          257    i.MX_GPIO_Init      gpio.o
    0x08004004   0x08004004   0x00000040   Code   RO          357    i.MX_I2C1_Init      i2c.o
    0x08004044   0x08004044   0x00000040   Code   RO          358    i.MX_I2C2_Init      i2c.o
    0x08004084   0x08004084   0x00000048   Code   RO          406    i.MX_SPI2_Init      spi.o
    0x080040cc   0x080040cc   0x0000006c   Code   RO          482    i.MX_TIM1_Init      tim.o
    0x08004138   0x08004138   0x00000068   Code   RO          483    i.MX_TIM2_Init      tim.o
    0x080041a0   0x080041a0   0x00000068   Code   RO          484    i.MX_TIM3_Init      tim.o
    0x08004208   0x08004208   0x00000068   Code   RO          485    i.MX_TIM4_Init      tim.o
    0x08004270   0x08004270   0x00000068   Code   RO          486    i.MX_TIM5_Init      tim.o
    0x080042d8   0x080042d8   0x00000044   Code   RO          487    i.MX_TIM6_Init      tim.o
    0x0800431c   0x0800431c   0x0000006c   Code   RO          488    i.MX_TIM8_Init      tim.o
    0x08004388   0x08004388   0x00000038   Code   RO          570    i.MX_USART2_UART_Init  usart.o
    0x080043c0   0x080043c0   0x00000002   Code   RO          622    i.MemManage_Handler  stm32f1xx_it.o
    0x080043c2   0x080043c2   0x00000002   Code   RO          623    i.NMI_Handler       stm32f1xx_it.o
    0x080043c4   0x080043c4   0x00000002   Code   RO          624    i.PendSV_Handler    stm32f1xx_it.o
    0x080043c6   0x080043c6   0x00000034   Code   RO         2543    i.SPI_EndRxTxTransaction  stm32f1xx_hal_spi.o
    0x080043fa   0x080043fa   0x00000002   PAD
    0x080043fc   0x080043fc   0x000000b8   Code   RO         2548    i.SPI_WaitFlagStateUntilTimeout  stm32f1xx_hal_spi.o
    0x080044b4   0x080044b4   0x00000002   Code   RO          625    i.SVC_Handler       stm32f1xx_it.o
    0x080044b6   0x080044b6   0x00000002   PAD
    0x080044b8   0x080044b8   0x00000108   Code   RO          407    i.Sensors_100ms_Task  spi.o
    0x080045c0   0x080045c0   0x000000a8   Code   RO          408    i.Sensors_10ms_Task  spi.o
    0x08004668   0x08004668   0x00000020   Code   RO          409    i.Sensors_Init      spi.o
    0x08004688   0x08004688   0x00000004   Code   RO          626    i.SysTick_Handler   stm32f1xx_it.o
    0x0800468c   0x0800468c   0x0000005e   Code   RO          199    i.SystemClock_Config  main.o
    0x080046ea   0x080046ea   0x00000002   Code   RO         4153    i.SystemInit        system_stm32f1xx.o
    0x080046ec   0x080046ec   0x0000000c   Code   RO          627    i.TIM6_IRQHandler   stm32f1xx_it.o
    0x080046f8   0x080046f8   0x0000009c   Code   RO         2911    i.TIM_Base_SetConfig  stm32f1xx_hal_tim.o
    0x08004794   0x08004794   0x0000001a   Code   RO         2912    i.TIM_CCxChannelCmd  stm32f1xx_hal_tim.o
    0x080047ae   0x080047ae   0x0000004e   Code   RO         3842    i.UART_EndRxTransfer  stm32f1xx_hal_uart.o
    0x080047fc   0x080047fc   0x000000b8   Code   RO         3845    i.UART_SetConfig    stm32f1xx_hal_uart.o
    0x080048b4   0x080048b4   0x00000072   Code   RO         3848    i.UART_WaitOnFlagUntilTimeout  stm32f1xx_hal_uart.o
    0x08004926   0x08004926   0x00000002   PAD
    0x08004928   0x08004928   0x0000000c   Code   RO          628    i.USB_LP_CAN1_RX0_IRQHandler  stm32f1xx_it.o
    0x08004934   0x08004934   0x00000002   Code   RO          629    i.UsageFault_Handler  stm32f1xx_it.o
    0x08004936   0x08004936   0x00000028   Code   RO         4359    i.__ARM_fpclassify  m_ws.l(fpclassify.o)
    0x0800495e   0x0800495e   0x00000020   Code   RO         1570    i.__NVIC_SetPriority  stm32f1xx_hal_cortex.o
    0x0800497e   0x0800497e   0x0000000e   Code   RO         4209    i._is_digit         c_w.l(__printf_wp.o)
    0x0800498c   0x0800498c   0x0000018c   Code   RO          200    i.main              main.o
    0x08004b18   0x08004b18   0x00000030   Code   RO          161    i.motor_crc7        motoron_util.o
    0x08004b48   0x08004b48   0x00000044   Code   RO          162    i.motor_set_speed   motoron_util.o
    0x08004b8c   0x08004b8c   0x00000020   Code   RO          410    i.spi_rw            spi.o
    0x08004bac   0x08004bac   0x0000002c   Code   RO         4353    locale$$code        c_w.l(lc_numeric_c.o)
    0x08004bd8   0x08004bd8   0x00000062   Code   RO         4232    x$fpl$d2f           fz_ws.l(d2f.o)
    0x08004c3a   0x08004c3a   0x00000002   PAD
    0x08004c3c   0x08004c3c   0x00000150   Code   RO         4234    x$fpl$dadd          fz_ws.l(daddsub_clz.o)
    0x08004d8c   0x08004d8c   0x00000010   Code   RO         4288    x$fpl$dcheck1       fz_ws.l(dcheck1.o)
    0x08004d9c   0x08004d9c   0x000002b0   Code   RO         4241    x$fpl$ddiv          fz_ws.l(ddiv.o)
    0x0800504c   0x0800504c   0x00000154   Code   RO         4244    x$fpl$dmul          fz_ws.l(dmul.o)
    0x080051a0   0x080051a0   0x0000009c   Code   RO         4290    x$fpl$dnaninf       fz_ws.l(dnaninf.o)
    0x0800523c   0x0800523c   0x0000000c   Code   RO         4292    x$fpl$dretinf       fz_ws.l(dretinf.o)
    0x08005248   0x08005248   0x000001d4   Code   RO         4236    x$fpl$dsub          fz_ws.l(daddsub_clz.o)
    0x0800541c   0x0800541c   0x00000056   Code   RO         4246    x$fpl$f2d           fz_ws.l(f2d.o)
    0x08005472   0x08005472   0x00000002   PAD
    0x08005474   0x08005474   0x000000c4   Code   RO         4248    x$fpl$fadd          fz_ws.l(faddsub_clz.o)
    0x08005538   0x08005538   0x0000000c   Code   RO         4294    x$fpl$fcheck1       fz_ws.l(fcheck1.o)
    0x08005544   0x08005544   0x00000184   Code   RO         4255    x$fpl$fdiv          fz_ws.l(fdiv.o)
    0x080056c8   0x080056c8   0x00000036   Code   RO         4258    x$fpl$ffix          fz_ws.l(ffix.o)
    0x080056fe   0x080056fe   0x00000002   PAD
    0x08005700   0x08005700   0x00000030   Code   RO         4263    x$fpl$fflt          fz_ws.l(fflt_clz.o)
    0x08005730   0x08005730   0x00000026   Code   RO         4262    x$fpl$ffltu         fz_ws.l(fflt_clz.o)
    0x08005756   0x08005756   0x00000002   PAD
    0x08005758   0x08005758   0x00000102   Code   RO         4268    x$fpl$fmul          fz_ws.l(fmul.o)
    0x0800585a   0x0800585a   0x0000008c   Code   RO         4296    x$fpl$fnaninf       fz_ws.l(fnaninf.o)
    0x080058e6   0x080058e6   0x0000000a   Code   RO         4298    x$fpl$fretinf       fz_ws.l(fretinf.o)
    0x080058f0   0x080058f0   0x000000ea   Code   RO         4250    x$fpl$fsub          fz_ws.l(faddsub_clz.o)
    0x080059da   0x080059da   0x00000004   Code   RO         4270    x$fpl$printf1       fz_ws.l(printf1.o)
    0x080059de   0x080059de   0x00000064   Code   RO         4357    x$fpl$retnan        fz_ws.l(retnan.o)
    0x08005a42   0x08005a42   0x0000005c   Code   RO         4272    x$fpl$scalbn        fz_ws.l(scalbn.o)
    0x08005a9e   0x08005a9e   0x0000004c   Code   RO         4274    x$fpl$scalbnf       fz_ws.l(scalbnf.o)
    0x08005aea   0x08005aea   0x00000030   Code   RO         4421    x$fpl$trapveneer    fz_ws.l(trapv.o)
    0x08005b1a   0x08005b1a   0x00000000   Code   RO         4300    x$fpl$usenofp       fz_ws.l(usenofp.o)
    0x08005b1a   0x08005b1a   0x00000002   PAD
    0x08005b1c   0x08005b1c   0x00000028   Data   RO          290    .constdata          can.o
    0x08005b44   0x08005b44   0x0000024c   Data   RO          749    .constdata          fuzzypid.o
    0x08005d90   0x08005d90   0x00000012   Data   RO         1268    .constdata          stm32f1xx_hal_rcc.o
    0x08005da2   0x08005da2   0x00000010   Data   RO         4154    .constdata          system_stm32f1xx.o
    0x08005db2   0x08005db2   0x00000008   Data   RO         4155    .constdata          system_stm32f1xx.o
    0x08005dba   0x08005dba   0x00000002   PAD
    0x08005dbc   0x08005dbc   0x00000094   Data   RO         4328    .constdata          c_w.l(bigflt0.o)
    0x08005e50   0x08005e50   0x00000020   Data   RO         4504    Region$$Table       anon$$obj.o
    0x08005e70   0x08005e70   0x0000001c   Data   RO         4352    locale$$data        c_w.l(lc_numeric_c.o)


    Execution Region RW_IRAM1 (Exec base: 0x20000000, Load base: 0x08005e8c, Size: 0x00000b20, Max: 0x00010000, ABSOLUTE)

    Exec Addr    Load Addr    Size         Type   Attr      Idx    E Section Name        Object

    0x20000000   0x08005e8c   0x0000009c   Data   RW           16    .data               angle_ctrl.o
    0x2000009c   0x08005f28   0x00000010   Data   RW          291    .data               can.o
    0x200000ac   0x08005f38   0x00000001   Data   RW          412    .data               spi.o
    0x200000ad   0x08005f39   0x00000001   PAD
    0x200000ae   0x08005f3a   0x00000004   Data   RW          630    .data               stm32f1xx_it.o
    0x200000b2   0x08005f3e   0x00000002   PAD
    0x200000b4   0x08005f40   0x0000002c   Data   RW          750    .data               fuzzypid.o
    0x200000e0   0x08005f6c   0x0000000c   Data   RW         1105    .data               stm32f1xx_hal.o
    0x200000ec   0x08005f78   0x00000004   Data   RW         4156    .data               system_stm32f1xx.o
    0x200000f0        -       0x00000030   Zero   RW           15    .bss                angle_ctrl.o
    0x20000120        -       0x0000005c   Zero   RW          289    .bss                can.o
    0x2000017c        -       0x000000a8   Zero   RW          359    .bss                i2c.o
    0x20000224        -       0x00000058   Zero   RW          411    .bss                spi.o
    0x2000027c        -       0x000001f8   Zero   RW          489    .bss                tim.o
    0x20000474        -       0x00000048   Zero   RW          571    .bss                usart.o
    0x200004bc        -       0x00000060   Zero   RW         4362    .bss                c_w.l(libspace.o)
    0x2000051c   0x08005f7c   0x00000004   PAD
    0x20000520        -       0x00000200   Zero   RW            2    HEAP                startup_stm32f103xe.o
    0x20000720        -       0x00000400   Zero   RW            1    STACK               startup_stm32f103xe.o


==============================================================================

Image component sizes


      Code (inc. data)   RO Data    RW Data    ZI Data      Debug   Object Name

       280         30          0        156         48     512576   angle_ctrl.o
       314         42         40         16         92       2804   can.o
      1076         66        588         44          0       4475   fuzzypid.o
       312         26          0          0          0       1007   gpio.o
       296         48          0          0        168       2118   i2c.o
       494        102          0          0          0       2144   main.o
       116          4          0          0          0       1567   motoron_util.o
       696         62          0          1         88       5127   spi.o
        64         26        304          0       1536        772   startup_stm32f103xe.o
       164         28          0         12          0       6209   stm32f1xx_hal.o
      1726          0          0          0          0      13669   stm32f1xx_hal_can.o
       198         14          0          0          0      28707   stm32f1xx_hal_cortex.o
       556         48          0          0          0       4397   stm32f1xx_hal_gpio.o
      2366         56          0          0          0      12280   stm32f1xx_hal_i2c.o
        60          8          0          0          0        798   stm32f1xx_hal_msp.o
      1240         84         18          0          0       4884   stm32f1xx_hal_rcc.o
       910          4          0          0          0       4477   stm32f1xx_hal_spi.o
       998         42          0          0          0       8736   stm32f1xx_hal_tim.o
       128         20          0          0          0       2249   stm32f1xx_hal_tim_ex.o
       636          6          0          0          0       4408   stm32f1xx_hal_uart.o
       148         26          0          4          0       5858   stm32f1xx_it.o
         2          0         24          4          0        999   system_stm32f1xx.o
      1164        110          0          0        504       6002   tim.o
       168         22          0          0         72       1598   usart.o

    ----------------------------------------------------------------------
     14146        874       1008        240       2508     637861   Object Totals
         0          0         32          0          0          0   (incl. Generated)
        34          0          2          3          0          0   (incl. Padding)

    ----------------------------------------------------------------------

      Code (inc. data)   RO Data    RW Data    ZI Data      Debug   Library Member Name

         8          0          0          0          0         68   __main.o
       284          0          0          0          0        156   __printf_wp.o
         0          0          0          0          0          0   __rtentry.o
        12          0          0          0          0          0   __rtentry2.o
         6          0          0          0          0          0   __rtentry4.o
        52          8          0          0          0          0   __scatter.o
        26          0          0          0          0          0   __scatter_copy.o
        28          0          0          0          0          0   __scatter_zi.o
        48          6          0          0          0         96   _printf_char_common.o
         6          0          0          0          0          0   _printf_d.o
       120         16          0          0          0         92   _printf_dec.o
         6          0          0          0          0          0   _printf_f.o
      1054          0          0          0          0        216   _printf_fp_dec.o
       128         16          0          0          0         84   _printf_fp_infnan.o
       178          0          0          0          0         88   _printf_intcommon.o
         0          0          0          0          0          0   _printf_percent.o
         4          0          0          0          0          0   _printf_percent_end.o
        16          0          0          0          0         68   _snputc.o
        10          0          0          0          0         68   _sputc.o
       228          4        148          0          0         96   bigflt0.o
      1936        128          0          0          0        672   btod.o
        18          0          0          0          0         80   exit.o
         6          0          0          0          0        152   heapauxi.o
         0          0          0          0          0          0   indicate_semi.o
        44         10         28          0          0         76   lc_numeric_c.o
         2          0          0          0          0          0   libinit.o
        18          0          0          0          0          0   libinit2.o
         2          0          0          0          0          0   libshutdown.o
         2          0          0          0          0          0   libshutdown2.o
         8          4          0          0         96         68   libspace.o
       138          0          0          0          0         80   lludiv10.o
        52          4          0          0          0         84   noretval__2snprintf.o
         8          4          0          0          0         68   rt_locale_intlibspace.o
        78          0          0          0          0         80   rt_memclr_w.o
       100          0          0          0          0         80   rt_memcpy_w.o
         2          0          0          0          0          0   rtexit.o
        10          0          0          0          0          0   rtexit2.o
       128          0          0          0          0         68   strcmpv7m.o
        62          0          0          0          0         76   strlen.o
        12          4          0          0          0         68   sys_exit.o
        74          0          0          0          0         80   sys_stackheap_outer.o
         2          0          0          0          0         68   use_no_semi.o
        98          4          0          0          0         92   d2f.o
       804         16          0          0          0        272   daddsub_clz.o
        16          4          0          0          0         68   dcheck1.o
       688        140          0          0          0        208   ddiv.o
       340         12          0          0          0        104   dmul.o
       156          4          0          0          0         92   dnaninf.o
        12          0          0          0          0         68   dretinf.o
        86          4          0          0          0         84   f2d.o
       430          8          0          0          0        168   faddsub_clz.o
        12          4          0          0          0         68   fcheck1.o
       388         76          0          0          0         96   fdiv.o
        54          4          0          0          0         84   ffix.o
        86          0          0          0          0        136   fflt_clz.o
       258          4          0          0          0         84   fmul.o
       140          4          0          0          0         84   fnaninf.o
        10          0          0          0          0         68   fretinf.o
         4          0          0          0          0         68   printf1.o
       100          0          0          0          0         68   retnan.o
        92          0          0          0          0         68   scalbn.o
        76          0          0          0          0         68   scalbnf.o
        48          0          0          0          0         68   trapv.o
         0          0          0          0          0          0   usenofp.o
        40          0          0          0          0         68   fpclassify.o

    ----------------------------------------------------------------------
      8874        488        176          0        100       5016   Library Totals
        20          0          0          0          4          0   (incl. Padding)

    ----------------------------------------------------------------------

      Code (inc. data)   RO Data    RW Data    ZI Data      Debug   Library Name

      4916        204        176          0         96       2832   c_w.l
      3898        284          0          0          0       2116   fz_ws.l
        40          0          0          0          0         68   m_ws.l

    ----------------------------------------------------------------------
      8874        488        176          0        100       5016   Library Totals

    ----------------------------------------------------------------------

==============================================================================


      Code (inc. data)   RO Data    RW Data    ZI Data      Debug   

     23020       1362       1184        240       2608     633669   Grand Totals
     23020       1362       1184        240       2608     633669   ELF Image Totals
     23020       1362       1184        240          0          0   ROM Totals

==============================================================================

    Total RO  Size (Code + RO Data)                24204 (  23.64kB)
    Total RW  Size (RW Data + ZI Data)              2848 (   2.78kB)
    Total ROM Size (Code + RO Data + RW Data)      24444 (  23.87kB)

==============================================================================

