<html>
<body>
<pre>
<h1>µVision Build Log</h1>
<h2>Tool Versions:</h2>
IDE-Version: ¦ÌVision V5.42.0.0
Copyright (C) 2025 ARM Ltd and ARM Germany GmbH. All rights reserved.
License Information: Wukong Sun, Uofg, LIC=----
 
Tool Versions:
Toolchain:       MDK-Lite  Version: 5.42.0.0
Toolchain Path:  F:\Keil5\ARM\ARMCC\Bin
C Compiler:      Armcc.exe V5.06 update 7 (build 960)
Assembler:       Armasm.exe V5.06 update 7 (build 960)
Linker/Locator:  ArmLink.exe V5.06 update 7 (build 960)
Library Manager: ArmAr.exe V5.06 update 7 (build 960)
Hex Converter:   FromElf.exe V5.06 update 7 (build 960)
CPU DLL:         SARMCM3.DLL V5.42.0.0
Dialog DLL:      DCM.DLL V1.17.5.0
Target DLL:      STLink\ST-LINKIII-KEIL_SWO.dll V3.3.0.0
Dialog DLL:      TCM.DLL V1.56.6.0
 
<h2>Project:</h2>
D:\desk\STM32\MDK-ARM\STM32.uvprojx
Project File Date:  07/16/2025

<h2>Output:</h2>
*** Using Compiler 'V5.06 update 7 (build 960)', folder: 'F:\Keil5\ARM\ARMCC\Bin'
Rebuild target 'STM32'
assembling startup_stm32f103xe.s...
compiling motoron_util.c...
../Core/Inc/motoron_util.h(32): warning:  #1-D: last line of file ends without a newline
  #endif /* _MOTORON_UTIL_H_ */
../Core/Src/motoron_util.c(38): warning:  #1-D: last line of file ends without a newline
  }
../Core/Src/motoron_util.c: 2 warnings, 0 errors
compiling angle_ctrl.c...
../Core/Inc/angle_ctrl.h(28): warning:  #1-D: last line of file ends without a newline
  #endif
../Core/Inc/motoron_util.h(32): warning:  #1-D: last line of file ends without a newline
  #endif /* _MOTORON_UTIL_H_ */
../Core/Src/angle_ctrl.c: 2 warnings, 0 errors
compiling stm32f1xx_it.c...
../Core/Inc/angle_ctrl.h(28): warning:  #1-D: last line of file ends without a newline
  #endif
../Core/Src/stm32f1xx_it.c: 1 warning, 0 errors
compiling usart.c...
compiling i2c.c...
compiling spi.c...
compiling main.c...
../Core/Inc/angle_ctrl.h(28): warning:  #1-D: last line of file ends without a newline
  #endif
../Core/Src/main.c: 1 warning, 0 errors
compiling gpio.c...
compiling tim.c...
compiling can.c...
../Core/Inc/angle_ctrl.h(28): warning:  #1-D: last line of file ends without a newline
  #endif
../Core/Src/can.c(28): warning:  #177-D: variable "appTxBuf"  was declared but never referenced
  static uint8_t  appTxBuf[8];     /* outbound payload  */
../Core/Src/can.c: 2 warnings, 0 errors
compiling stm32f1xx_hal_msp.c...
compiling fuzzypid.c...
../Core/Inc/angle_ctrl.h(28): warning:  #1-D: last line of file ends without a newline
  #endif
../Core/Inc/motoron_util.h(32): warning:  #1-D: last line of file ends without a newline
  #endif /* _MOTORON_UTIL_H_ */
fuzzypid.c(168): warning:  #223-D: function "strlen" declared implicitly
      HAL_UART_Transmit(&huart2, (uint8_t *)buffer, strlen(buffer), HAL_MAX_DELAY);
fuzzypid.c: 3 warnings, 0 errors
compiling stm32f1xx_hal.c...
compiling stm32f1xx_hal_gpio_ex.c...
compiling stm32f1xx_hal_exti.c...
compiling stm32f1xx_hal_can.c...
compiling stm32f1xx_hal_dma.c...
compiling stm32f1xx_hal_flash.c...
compiling stm32f1xx_hal_pwr.c...
compiling stm32f1xx_hal_cortex.c...
compiling stm32f1xx_hal_gpio.c...
compiling stm32f1xx_hal_flash_ex.c...
compiling stm32f1xx_hal_rcc_ex.c...
compiling stm32f1xx_hal_rcc.c...
compiling system_stm32f1xx.c...
compiling stm32f1xx_hal_spi.c...
compiling stm32f1xx_hal_tim_ex.c...
compiling stm32f1xx_hal_uart.c...
compiling stm32f1xx_hal_i2c.c...
compiling stm32f1xx_hal_tim.c...
linking...
Program Size: Code=14304 RO-data=420 RW-data=196 ZI-data=2604  
FromELF: creating hex file...
"STM32\STM32.axf" - 0 Error(s), 11 Warning(s).

<h2>Software Packages used:</h2>

Package Vendor: ARM
                https://www.keil.com/pack/ARM.CMSIS.6.1.0.pack
                ARM::CMSIS@6.1.0
                CMSIS (Common Microcontroller Software Interface Standard)
   * Component: CORE Version: 6.1.0

Package Vendor: Keil
                https://www.keil.com/pack/Keil.STM32F1xx_DFP.2.4.1.pack
                Keil::STM32F1xx_DFP@2.4.1
                STMicroelectronics STM32F1 Series Device Support, Drivers and Examples

<h2>Collection of Component include folders:</h2>
  ./RTE/_STM32
  F:/Keil5/ARM/CMSIS/6.1.0/CMSIS/Core/Include
  F:/Keil5/Keil/STM32F1xx_DFP/2.4.1/Device/Include

<h2>Collection of Component Files used:</h2>

   * Component: ARM::CMSIS:CORE@6.1.0
      Include file:  CMSIS/Core/Include/tz_context.h
Build Time Elapsed:  00:00:39
</pre>
</body>
</html>
